Archive member included because of file (symbol)

y:/eng ahmed/embedded system nti/tools/imt_sdk_win_64/winavr/bin/../lib/gcc/avr/4.3.3/avr5\libgcc.a(_udivmodqi4.o)
                              ./HAL/LCD/SOURCE/lcd.o (__udivmodqi4)
y:/eng ahmed/embedded system nti/tools/imt_sdk_win_64/winavr/bin/../lib/gcc/avr/4.3.3/avr5\libgcc.a(_exit.o)
                              y:/eng ahmed/embedded system nti/tools/imt_sdk_win_64/winavr/bin/../lib/gcc/avr/4.3.3/../../../../avr/lib/avr5/crtm32.o (exit)
y:/eng ahmed/embedded system nti/tools/imt_sdk_win_64/winavr/bin/../lib/gcc/avr/4.3.3/avr5\libgcc.a(_copy_data.o)
                              ./HAL/KEYPAD/SOURCE/keypad.o (__do_copy_data)
y:/eng ahmed/embedded system nti/tools/imt_sdk_win_64/winavr/bin/../lib/gcc/avr/4.3.3/avr5\libgcc.a(_clear_bss.o)
                              ./APP/SmartHomeSystem.o (__do_clear_bss)
y:/eng ahmed/embedded system nti/tools/imt_sdk_win_64/winavr/bin/../lib/gcc/avr/4.3.3/avr5\libgcc.a(_ashldi3.o)
                              ./HAL/LCD/SOURCE/lcd.o (__ashldi3)
y:/eng ahmed/embedded system nti/tools/imt_sdk_win_64/winavr/bin/../lib/gcc/avr/4.3.3/avr5\libgcc.a(_fixunssfsi.o)
                              ./HAL/LCD/SOURCE/lcd.o (__fixunssfsi)
y:/eng ahmed/embedded system nti/tools/imt_sdk_win_64/winavr/bin/../lib/gcc/avr/4.3.3/avr5\libgcc.a(_udivdi3.o)
                              ./HAL/LCD/SOURCE/lcd.o (__udivdi3)
y:/eng ahmed/embedded system nti/tools/imt_sdk_win_64/winavr/bin/../lib/gcc/avr/4.3.3/avr5\libgcc.a(_umoddi3.o)
                              ./HAL/LCD/SOURCE/lcd.o (__umoddi3)
y:/eng ahmed/embedded system nti/tools/imt_sdk_win_64/winavr/bin/../lib/gcc/avr/4.3.3/avr5\libgcc.a(_addsub_sf.o)
                              y:/eng ahmed/embedded system nti/tools/imt_sdk_win_64/winavr/bin/../lib/gcc/avr/4.3.3/avr5\libgcc.a(_fixunssfsi.o) (__subsf3)
y:/eng ahmed/embedded system nti/tools/imt_sdk_win_64/winavr/bin/../lib/gcc/avr/4.3.3/avr5\libgcc.a(_mul_sf.o)
                              ./HAL/LCD/SOURCE/lcd.o (__mulsf3)
y:/eng ahmed/embedded system nti/tools/imt_sdk_win_64/winavr/bin/../lib/gcc/avr/4.3.3/avr5\libgcc.a(_gt_sf.o)
                              ./HAL/LCD/SOURCE/lcd.o (__gtsf2)
y:/eng ahmed/embedded system nti/tools/imt_sdk_win_64/winavr/bin/../lib/gcc/avr/4.3.3/avr5\libgcc.a(_ge_sf.o)
                              y:/eng ahmed/embedded system nti/tools/imt_sdk_win_64/winavr/bin/../lib/gcc/avr/4.3.3/avr5\libgcc.a(_fixunssfsi.o) (__gesf2)
y:/eng ahmed/embedded system nti/tools/imt_sdk_win_64/winavr/bin/../lib/gcc/avr/4.3.3/avr5\libgcc.a(_lt_sf.o)
                              ./HAL/LCD/SOURCE/lcd.o (__ltsf2)
y:/eng ahmed/embedded system nti/tools/imt_sdk_win_64/winavr/bin/../lib/gcc/avr/4.3.3/avr5\libgcc.a(_sf_to_si.o)
                              y:/eng ahmed/embedded system nti/tools/imt_sdk_win_64/winavr/bin/../lib/gcc/avr/4.3.3/avr5\libgcc.a(_fixunssfsi.o) (__fixsfsi)
y:/eng ahmed/embedded system nti/tools/imt_sdk_win_64/winavr/bin/../lib/gcc/avr/4.3.3/avr5\libgcc.a(_thenan_sf.o)
                              y:/eng ahmed/embedded system nti/tools/imt_sdk_win_64/winavr/bin/../lib/gcc/avr/4.3.3/avr5\libgcc.a(_addsub_sf.o) (__thenan_sf)
y:/eng ahmed/embedded system nti/tools/imt_sdk_win_64/winavr/bin/../lib/gcc/avr/4.3.3/avr5\libgcc.a(_mulsi3.o)
                              y:/eng ahmed/embedded system nti/tools/imt_sdk_win_64/winavr/bin/../lib/gcc/avr/4.3.3/avr5\libgcc.a(_udivdi3.o) (__mulsi3)
y:/eng ahmed/embedded system nti/tools/imt_sdk_win_64/winavr/bin/../lib/gcc/avr/4.3.3/avr5\libgcc.a(_udivmodsi4.o)
                              y:/eng ahmed/embedded system nti/tools/imt_sdk_win_64/winavr/bin/../lib/gcc/avr/4.3.3/avr5\libgcc.a(_udivdi3.o) (__udivmodsi4)
y:/eng ahmed/embedded system nti/tools/imt_sdk_win_64/winavr/bin/../lib/gcc/avr/4.3.3/avr5\libgcc.a(_prologue.o)
                              y:/eng ahmed/embedded system nti/tools/imt_sdk_win_64/winavr/bin/../lib/gcc/avr/4.3.3/avr5\libgcc.a(_udivdi3.o) (__prologue_saves__)
y:/eng ahmed/embedded system nti/tools/imt_sdk_win_64/winavr/bin/../lib/gcc/avr/4.3.3/avr5\libgcc.a(_epilogue.o)
                              y:/eng ahmed/embedded system nti/tools/imt_sdk_win_64/winavr/bin/../lib/gcc/avr/4.3.3/avr5\libgcc.a(_udivdi3.o) (__epilogue_restores__)
y:/eng ahmed/embedded system nti/tools/imt_sdk_win_64/winavr/bin/../lib/gcc/avr/4.3.3/avr5\libgcc.a(_clz.o)
                              y:/eng ahmed/embedded system nti/tools/imt_sdk_win_64/winavr/bin/../lib/gcc/avr/4.3.3/avr5\libgcc.a(_udivdi3.o) (__clz_tab)
y:/eng ahmed/embedded system nti/tools/imt_sdk_win_64/winavr/bin/../lib/gcc/avr/4.3.3/avr5\libgcc.a(_pack_sf.o)
                              y:/eng ahmed/embedded system nti/tools/imt_sdk_win_64/winavr/bin/../lib/gcc/avr/4.3.3/avr5\libgcc.a(_addsub_sf.o) (__pack_f)
y:/eng ahmed/embedded system nti/tools/imt_sdk_win_64/winavr/bin/../lib/gcc/avr/4.3.3/avr5\libgcc.a(_unpack_sf.o)
                              y:/eng ahmed/embedded system nti/tools/imt_sdk_win_64/winavr/bin/../lib/gcc/avr/4.3.3/avr5\libgcc.a(_addsub_sf.o) (__unpack_f)
y:/eng ahmed/embedded system nti/tools/imt_sdk_win_64/winavr/bin/../lib/gcc/avr/4.3.3/avr5\libgcc.a(_fpcmp_parts_sf.o)
                              y:/eng ahmed/embedded system nti/tools/imt_sdk_win_64/winavr/bin/../lib/gcc/avr/4.3.3/avr5\libgcc.a(_gt_sf.o) (__fpcmp_parts_f)
y:/eng ahmed/embedded system nti/tools/imt_sdk_win_64/winavr/bin/../lib/gcc/avr/4.3.3/../../../../avr/lib/avr5\libc.a(calloc.o)
                              ./APP/SmartHomeSystem.o (calloc)
y:/eng ahmed/embedded system nti/tools/imt_sdk_win_64/winavr/bin/../lib/gcc/avr/4.3.3/../../../../avr/lib/avr5\libc.a(malloc.o)
                              y:/eng ahmed/embedded system nti/tools/imt_sdk_win_64/winavr/bin/../lib/gcc/avr/4.3.3/../../../../avr/lib/avr5\libc.a(calloc.o) (malloc)
y:/eng ahmed/embedded system nti/tools/imt_sdk_win_64/winavr/bin/../lib/gcc/avr/4.3.3/../../../../avr/lib/avr5\libc.a(memset.o)
                              y:/eng ahmed/embedded system nti/tools/imt_sdk_win_64/winavr/bin/../lib/gcc/avr/4.3.3/../../../../avr/lib/avr5\libc.a(calloc.o) (memset)
y:/eng ahmed/embedded system nti/tools/imt_sdk_win_64/winavr/bin/../lib/gcc/avr/4.3.3/../../../../avr/lib/avr5\libc.a(strcmp.o)
                              ./APP/SmartHomeSystem.o (strcmp)

Allocating common symbols
Common symbol       size              file

Temp                0x1               ./APP/SmartHomeSystem.o
__brkval            0x2               y:/eng ahmed/embedded system nti/tools/imt_sdk_win_64/winavr/bin/../lib/gcc/avr/4.3.3/../../../../avr/lib/avr5\libc.a(malloc.o)
Fan                 0x1               ./APP/SmartHomeSystem.o
__flp               0x2               y:/eng ahmed/embedded system nti/tools/imt_sdk_win_64/winavr/bin/../lib/gcc/avr/4.3.3/../../../../avr/lib/avr5\libc.a(malloc.o)

Memory Configuration

Name             Origin             Length             Attributes
text             0x00000000         0x00020000         xr
data             0x00800060         0x0000ffa0         rw !x
eeprom           0x00810000         0x00010000         rw !x
fuse             0x00820000         0x00000400         rw !x
lock             0x00830000         0x00000400         rw !x
signature        0x00840000         0x00000400         rw !x
*default*        0x00000000         0xffffffff

Linker script and memory map

LOAD y:/eng ahmed/embedded system nti/tools/imt_sdk_win_64/winavr/bin/../lib/gcc/avr/4.3.3/../../../../avr/lib/avr5/crtm32.o
LOAD ./MCAL/UART/Source/UART_program.o
LOAD ./MCAL/SPI/Source/SPI_program.o
LOAD ./MCAL/PORT/SOURCE/port.o
LOAD ./MCAL/I2C/SOURCE/i2c.o
LOAD ./MCAL/DIO/SOURCE/dio.o
LOAD ./HAL/LCD/SOURCE/lcd.o
LOAD ./HAL/KEYPAD/SOURCE/keypad.o
LOAD ./HAL/EEPROM/SOURCE/eeprom.o
LOAD ./APP/SmartHomeSystem.o
LOAD y:/eng ahmed/embedded system nti/tools/imt_sdk_win_64/winavr/bin/../lib/gcc/avr/4.3.3/avr5\libgcc.a
LOAD y:/eng ahmed/embedded system nti/tools/imt_sdk_win_64/winavr/bin/../lib/gcc/avr/4.3.3/../../../../avr/lib/avr5\libc.a
LOAD y:/eng ahmed/embedded system nti/tools/imt_sdk_win_64/winavr/bin/../lib/gcc/avr/4.3.3/avr5\libgcc.a

.hash
 *(.hash)

.dynsym
 *(.dynsym)

.dynstr
 *(.dynstr)

.gnu.version
 *(.gnu.version)

.gnu.version_d
 *(.gnu.version_d)

.gnu.version_r
 *(.gnu.version_r)

.rel.init
 *(.rel.init)

.rela.init
 *(.rela.init)

.rel.text
 *(.rel.text)
 *(.rel.text.*)
 *(.rel.gnu.linkonce.t*)

.rela.text
 *(.rela.text)
 *(.rela.text.*)
 *(.rela.gnu.linkonce.t*)

.rel.fini
 *(.rel.fini)

.rela.fini
 *(.rela.fini)

.rel.rodata
 *(.rel.rodata)
 *(.rel.rodata.*)
 *(.rel.gnu.linkonce.r*)

.rela.rodata
 *(.rela.rodata)
 *(.rela.rodata.*)
 *(.rela.gnu.linkonce.r*)

.rel.data
 *(.rel.data)
 *(.rel.data.*)
 *(.rel.gnu.linkonce.d*)

.rela.data
 *(.rela.data)
 *(.rela.data.*)
 *(.rela.gnu.linkonce.d*)

.rel.ctors
 *(.rel.ctors)

.rela.ctors
 *(.rela.ctors)

.rel.dtors
 *(.rel.dtors)

.rela.dtors
 *(.rela.dtors)

.rel.got
 *(.rel.got)

.rela.got
 *(.rela.got)

.rel.bss
 *(.rel.bss)

.rela.bss
 *(.rela.bss)

.rel.plt
 *(.rel.plt)

.rela.plt
 *(.rela.plt)

.text           0x00000000     0x6870
 *(.vectors)
 .vectors       0x00000000       0x54 y:/eng ahmed/embedded system nti/tools/imt_sdk_win_64/winavr/bin/../lib/gcc/avr/4.3.3/../../../../avr/lib/avr5/crtm32.o
                0x00000000                __vectors
                0x00000000                __vector_default
 *(.vectors)
 *(.progmem.gcc*)
 *(.progmem*)
                0x00000054                . = ALIGN (0x2)
                0x00000054                __trampolines_start = .
 *(.trampolines)
 .trampolines   0x00000054        0x0 linker stubs
 *(.trampolines*)
                0x00000054                __trampolines_end = .
 *(.jumptables)
 *(.jumptables*)
 *(.lowtext)
 *(.lowtext*)
                0x00000054                __ctors_start = .
 *(.ctors)
                0x00000054                __ctors_end = .
                0x00000054                __dtors_start = .
 *(.dtors)
                0x00000054                __dtors_end = .
 SORT(*)(.ctors)
 SORT(*)(.dtors)
 *(.init0)
 .init0         0x00000054        0x0 y:/eng ahmed/embedded system nti/tools/imt_sdk_win_64/winavr/bin/../lib/gcc/avr/4.3.3/../../../../avr/lib/avr5/crtm32.o
                0x00000054                __init
 *(.init0)
 *(.init1)
 *(.init1)
 *(.init2)
 .init2         0x00000054        0xc y:/eng ahmed/embedded system nti/tools/imt_sdk_win_64/winavr/bin/../lib/gcc/avr/4.3.3/../../../../avr/lib/avr5/crtm32.o
 *(.init2)
 *(.init3)
 *(.init3)
 *(.init4)
 .init4         0x00000060       0x16 y:/eng ahmed/embedded system nti/tools/imt_sdk_win_64/winavr/bin/../lib/gcc/avr/4.3.3/avr5\libgcc.a(_copy_data.o)
                0x00000060                __do_copy_data
 .init4         0x00000076       0x10 y:/eng ahmed/embedded system nti/tools/imt_sdk_win_64/winavr/bin/../lib/gcc/avr/4.3.3/avr5\libgcc.a(_clear_bss.o)
                0x00000076                __do_clear_bss
 *(.init4)
 *(.init5)
 *(.init5)
 *(.init6)
 *(.init6)
 *(.init7)
 *(.init7)
 *(.init8)
 *(.init8)
 *(.init9)
 .init9         0x00000086        0x8 y:/eng ahmed/embedded system nti/tools/imt_sdk_win_64/winavr/bin/../lib/gcc/avr/4.3.3/../../../../avr/lib/avr5/crtm32.o
 *(.init9)
 *(.text)
 .text          0x0000008e        0x4 y:/eng ahmed/embedded system nti/tools/imt_sdk_win_64/winavr/bin/../lib/gcc/avr/4.3.3/../../../../avr/lib/avr5/crtm32.o
                0x0000008e                __vector_1
                0x0000008e                __vector_12
                0x0000008e                __bad_interrupt
                0x0000008e                __vector_6
                0x0000008e                __vector_3
                0x0000008e                __vector_11
                0x0000008e                __vector_13
                0x0000008e                __vector_17
                0x0000008e                __vector_19
                0x0000008e                __vector_7
                0x0000008e                __vector_5
                0x0000008e                __vector_4
                0x0000008e                __vector_9
                0x0000008e                __vector_2
                0x0000008e                __vector_15
                0x0000008e                __vector_8
                0x0000008e                __vector_14
                0x0000008e                __vector_10
                0x0000008e                __vector_16
                0x0000008e                __vector_18
                0x0000008e                __vector_20
 .text          0x00000092        0x0 ./MCAL/UART/Source/UART_program.o
 .text          0x00000092        0x0 ./MCAL/SPI/Source/SPI_program.o
 .text          0x00000092        0x0 ./MCAL/PORT/SOURCE/port.o
 .text          0x00000092        0x0 ./MCAL/I2C/SOURCE/i2c.o
 .text          0x00000092        0x0 ./MCAL/DIO/SOURCE/dio.o
 .text          0x00000092        0x0 ./HAL/LCD/SOURCE/lcd.o
 .text          0x00000092        0x0 ./HAL/KEYPAD/SOURCE/keypad.o
 .text          0x00000092        0x0 ./HAL/EEPROM/SOURCE/eeprom.o
 .text          0x00000092        0x0 ./APP/SmartHomeSystem.o
 .text          0x00000092        0x0 y:/eng ahmed/embedded system nti/tools/imt_sdk_win_64/winavr/bin/../lib/gcc/avr/4.3.3/avr5\libgcc.a(_udivmodqi4.o)
 .text          0x00000092        0x0 y:/eng ahmed/embedded system nti/tools/imt_sdk_win_64/winavr/bin/../lib/gcc/avr/4.3.3/avr5\libgcc.a(_exit.o)
 .text          0x00000092        0x0 y:/eng ahmed/embedded system nti/tools/imt_sdk_win_64/winavr/bin/../lib/gcc/avr/4.3.3/avr5\libgcc.a(_copy_data.o)
 .text          0x00000092        0x0 y:/eng ahmed/embedded system nti/tools/imt_sdk_win_64/winavr/bin/../lib/gcc/avr/4.3.3/avr5\libgcc.a(_clear_bss.o)
 .text          0x00000092       0xfe y:/eng ahmed/embedded system nti/tools/imt_sdk_win_64/winavr/bin/../lib/gcc/avr/4.3.3/avr5\libgcc.a(_ashldi3.o)
                0x00000092                __ashldi3
 .text          0x00000190       0x58 y:/eng ahmed/embedded system nti/tools/imt_sdk_win_64/winavr/bin/../lib/gcc/avr/4.3.3/avr5\libgcc.a(_fixunssfsi.o)
                0x00000190                __fixunssfsi
 .text          0x000001e8      0xcea y:/eng ahmed/embedded system nti/tools/imt_sdk_win_64/winavr/bin/../lib/gcc/avr/4.3.3/avr5\libgcc.a(_udivdi3.o)
                0x000001e8                __udivdi3
 .text          0x00000ed2      0xce0 y:/eng ahmed/embedded system nti/tools/imt_sdk_win_64/winavr/bin/../lib/gcc/avr/4.3.3/avr5\libgcc.a(_umoddi3.o)
                0x00000ed2                __umoddi3
 .text          0x00001bb2      0x354 y:/eng ahmed/embedded system nti/tools/imt_sdk_win_64/winavr/bin/../lib/gcc/avr/4.3.3/avr5\libgcc.a(_addsub_sf.o)
                0x00001e4a                __subsf3
                0x00001eac                __addsf3
 .text          0x00001f06      0x1f4 y:/eng ahmed/embedded system nti/tools/imt_sdk_win_64/winavr/bin/../lib/gcc/avr/4.3.3/avr5\libgcc.a(_mul_sf.o)
                0x00001f06                __mulsf3
 .text          0x000020fa       0x60 y:/eng ahmed/embedded system nti/tools/imt_sdk_win_64/winavr/bin/../lib/gcc/avr/4.3.3/avr5\libgcc.a(_gt_sf.o)
                0x000020fa                __gtsf2
 .text          0x0000215a       0x60 y:/eng ahmed/embedded system nti/tools/imt_sdk_win_64/winavr/bin/../lib/gcc/avr/4.3.3/avr5\libgcc.a(_ge_sf.o)
                0x0000215a                __gesf2
 .text          0x000021ba       0x60 y:/eng ahmed/embedded system nti/tools/imt_sdk_win_64/winavr/bin/../lib/gcc/avr/4.3.3/avr5\libgcc.a(_lt_sf.o)
                0x000021ba                __ltsf2
 .text          0x0000221a       0xa8 y:/eng ahmed/embedded system nti/tools/imt_sdk_win_64/winavr/bin/../lib/gcc/avr/4.3.3/avr5\libgcc.a(_sf_to_si.o)
                0x0000221a                __fixsfsi
 .text          0x000022c2        0x0 y:/eng ahmed/embedded system nti/tools/imt_sdk_win_64/winavr/bin/../lib/gcc/avr/4.3.3/avr5\libgcc.a(_thenan_sf.o)
 .text          0x000022c2        0x0 y:/eng ahmed/embedded system nti/tools/imt_sdk_win_64/winavr/bin/../lib/gcc/avr/4.3.3/avr5\libgcc.a(_mulsi3.o)
 .text          0x000022c2        0x0 y:/eng ahmed/embedded system nti/tools/imt_sdk_win_64/winavr/bin/../lib/gcc/avr/4.3.3/avr5\libgcc.a(_udivmodsi4.o)
 .text          0x000022c2        0x0 y:/eng ahmed/embedded system nti/tools/imt_sdk_win_64/winavr/bin/../lib/gcc/avr/4.3.3/avr5\libgcc.a(_prologue.o)
 .text          0x000022c2        0x0 y:/eng ahmed/embedded system nti/tools/imt_sdk_win_64/winavr/bin/../lib/gcc/avr/4.3.3/avr5\libgcc.a(_epilogue.o)
 .text          0x000022c2        0x0 y:/eng ahmed/embedded system nti/tools/imt_sdk_win_64/winavr/bin/../lib/gcc/avr/4.3.3/avr5\libgcc.a(_clz.o)
 .text          0x000022c2      0x1aa y:/eng ahmed/embedded system nti/tools/imt_sdk_win_64/winavr/bin/../lib/gcc/avr/4.3.3/avr5\libgcc.a(_pack_sf.o)
                0x000022c2                __pack_f
 .text          0x0000246c       0xf0 y:/eng ahmed/embedded system nti/tools/imt_sdk_win_64/winavr/bin/../lib/gcc/avr/4.3.3/avr5\libgcc.a(_unpack_sf.o)
                0x0000246c                __unpack_f
 .text          0x0000255c       0xb2 y:/eng ahmed/embedded system nti/tools/imt_sdk_win_64/winavr/bin/../lib/gcc/avr/4.3.3/avr5\libgcc.a(_fpcmp_parts_sf.o)
                0x0000255c                __fpcmp_parts_f
 .text          0x0000260e        0x0 y:/eng ahmed/embedded system nti/tools/imt_sdk_win_64/winavr/bin/../lib/gcc/avr/4.3.3/../../../../avr/lib/avr5\libc.a(calloc.o)
 .text          0x0000260e        0x0 y:/eng ahmed/embedded system nti/tools/imt_sdk_win_64/winavr/bin/../lib/gcc/avr/4.3.3/../../../../avr/lib/avr5\libc.a(malloc.o)
 .text          0x0000260e        0x0 y:/eng ahmed/embedded system nti/tools/imt_sdk_win_64/winavr/bin/../lib/gcc/avr/4.3.3/../../../../avr/lib/avr5\libc.a(memset.o)
 .text          0x0000260e        0x0 y:/eng ahmed/embedded system nti/tools/imt_sdk_win_64/winavr/bin/../lib/gcc/avr/4.3.3/../../../../avr/lib/avr5\libc.a(strcmp.o)
                0x0000260e                . = ALIGN (0x2)
 *(.text.*)
 .text.UART_voidInit
                0x0000260e       0xac ./MCAL/UART/Source/UART_program.o
                0x0000260e                UART_voidInit
 .text.UART_UARTEnumSendData
                0x000026ba       0x3a ./MCAL/UART/Source/UART_program.o
                0x000026ba                UART_UARTEnumSendData
 .text.UART_UARTEnumReceiveData
                0x000026f4       0x46 ./MCAL/UART/Source/UART_program.o
                0x000026f4                UART_UARTEnumReceiveData
 .text.UART_UARTEnumSendString
                0x0000273a       0x9a ./MCAL/UART/Source/UART_program.o
                0x0000273a                UART_UARTEnumSendString
 .text.UART_UARTEnumReceiveString
                0x000027d4       0x6c ./MCAL/UART/Source/UART_program.o
                0x000027d4                UART_UARTEnumReceiveString
 .text.SPI_voidMasterInit
                0x00002840       0x70 ./MCAL/SPI/Source/SPI_program.o
                0x00002840                SPI_voidMasterInit
 .text.SPI_voidSlaveInit
                0x000028b0       0x54 ./MCAL/SPI/Source/SPI_program.o
                0x000028b0                SPI_voidSlaveInit
 .text.SPI_SPIEnumSendReceiveData
                0x00002904       0x72 ./MCAL/SPI/Source/SPI_program.o
                0x00002904                SPI_SPIEnumSendReceiveData
 .text.SPI_SPIEnumSendData
                0x00002976       0x4e ./MCAL/SPI/Source/SPI_program.o
                0x00002976                SPI_SPIEnumSendData
 .text.SPI_SPIEnumReceiveData
                0x000029c4       0x66 ./MCAL/SPI/Source/SPI_program.o
                0x000029c4                SPI_SPIEnumReceiveData
 .text.SPI_SPIEnumSendReceiveString
                0x00002a2a       0xc2 ./MCAL/SPI/Source/SPI_program.o
                0x00002a2a                SPI_SPIEnumSendReceiveString
 .text.SPI_SPIEnumSendString
                0x00002aec       0x96 ./MCAL/SPI/Source/SPI_program.o
                0x00002aec                SPI_SPIEnumSendString
 .text.SPI_SPIEnumReceiveString
                0x00002b82       0x8e ./MCAL/SPI/Source/SPI_program.o
                0x00002b82                SPI_SPIEnumReceiveString
 .text.PORT_init
                0x00002c10       0x4c ./MCAL/PORT/SOURCE/port.o
                0x00002c10                PORT_init
 .text.PORT_setPinDirection
                0x00002c5c      0x1a6 ./MCAL/PORT/SOURCE/port.o
                0x00002c5c                PORT_setPinDirection
 .text.I2C_init
                0x00002e02       0x42 ./MCAL/I2C/SOURCE/i2c.o
                0x00002e02                I2C_init
 .text.I2C_sendStartBit
                0x00002e44       0x20 ./MCAL/I2C/SOURCE/i2c.o
                0x00002e44                I2C_sendStartBit
 .text.I2C_sendAddress
                0x00002e64       0x42 ./MCAL/I2C/SOURCE/i2c.o
                0x00002e64                I2C_sendAddress
 .text.I2C_sendByte
                0x00002ea6       0x2e ./MCAL/I2C/SOURCE/i2c.o
                0x00002ea6                I2C_sendByte
 .text.I2C_receiveByteWithACK
                0x00002ed4       0x26 ./MCAL/I2C/SOURCE/i2c.o
                0x00002ed4                I2C_receiveByteWithACK
 .text.I2C_receiveByteWithNACK
                0x00002efa       0x26 ./MCAL/I2C/SOURCE/i2c.o
                0x00002efa                I2C_receiveByteWithNACK
 .text.I2C_sendStoptBit
                0x00002f20       0x16 ./MCAL/I2C/SOURCE/i2c.o
                0x00002f20                I2C_sendStoptBit
 .text.I2C_getStatus
                0x00002f36       0x16 ./MCAL/I2C/SOURCE/i2c.o
                0x00002f36                I2C_getStatus
 .text.DIO_writePin
                0x00002f4c      0x1a6 ./MCAL/DIO/SOURCE/dio.o
                0x00002f4c                DIO_writePin
 .text.DIO_writePort
                0x000030f2       0x96 ./MCAL/DIO/SOURCE/dio.o
                0x000030f2                DIO_writePort
 .text.DIO_readPin
                0x00003188      0x17a ./MCAL/DIO/SOURCE/dio.o
                0x00003188                DIO_readPin
 .text.DIO_readPort
                0x00003302       0xb8 ./MCAL/DIO/SOURCE/dio.o
                0x00003302                DIO_readPort
 .text.DIO_togglePin
                0x000033ba      0x11a ./MCAL/DIO/SOURCE/dio.o
                0x000033ba                DIO_togglePin
 .text.LCD_init
                0x000034d4       0x2c ./HAL/LCD/SOURCE/lcd.o
                0x000034d4                LCD_init
 .text.LCD_sendCommand
                0x00003500      0x95c ./HAL/LCD/SOURCE/lcd.o
 .text.LCD_sendData
                0x00003e5c      0x95c ./HAL/LCD/SOURCE/lcd.o
 .text.LCD_moveCursor
                0x000047b8       0x8a ./HAL/LCD/SOURCE/lcd.o
                0x000047b8                LCD_moveCursor
 .text.LCD_displayCharacter
                0x00004842       0x1a ./HAL/LCD/SOURCE/lcd.o
                0x00004842                LCD_displayCharacter
 .text.LCD_displayCharacterRowColumn
                0x0000485c       0x2c ./HAL/LCD/SOURCE/lcd.o
                0x0000485c                LCD_displayCharacterRowColumn
 .text.LCD_displayString
                0x00004888       0x5a ./HAL/LCD/SOURCE/lcd.o
                0x00004888                LCD_displayString
 .text.LCD_displayStringRowColumn
                0x000048e2       0x32 ./HAL/LCD/SOURCE/lcd.o
                0x000048e2                LCD_displayStringRowColumn
 .text.LCD_displayInteger
                0x00004914      0x876 ./HAL/LCD/SOURCE/lcd.o
                0x00004914                LCD_displayInteger
 .text.LCD_displayHEX
                0x0000518a       0x68 ./HAL/LCD/SOURCE/lcd.o
                0x0000518a                LCD_displayHEX
 .text.LCD_createCustomCharacter
                0x000051f2       0x6c ./HAL/LCD/SOURCE/lcd.o
                0x000051f2                LCD_createCustomCharacter
 .text.LCD_clearScreen
                0x0000525e       0x14 ./HAL/LCD/SOURCE/lcd.o
                0x0000525e                LCD_clearScreen
 .text.LCD_returnHome
                0x00005272       0x14 ./HAL/LCD/SOURCE/lcd.o
                0x00005272                LCD_returnHome
 .text.KEYPAD_getPressedKey
                0x00005286       0xce ./HAL/KEYPAD/SOURCE/keypad.o
                0x00005286                KEYPAD_getPressedKey
 .text.KEYPAD_writeRowsPattern
                0x00005354       0xbc ./HAL/KEYPAD/SOURCE/keypad.o
 .text.EEPROM_writeByte
                0x00005410       0x9c ./HAL/EEPROM/SOURCE/eeprom.o
                0x00005410                EEPROM_writeByte
 .text.EEPROM_readByte
                0x000054ac       0xce ./HAL/EEPROM/SOURCE/eeprom.o
                0x000054ac                EEPROM_readByte
 .text.EEPROM_writeChunk
                0x0000557a      0x1dc ./HAL/EEPROM/SOURCE/eeprom.o
                0x0000557a                EEPROM_writeChunk
 .text.EEPROM_readChunk
                0x00005756      0x10e ./HAL/EEPROM/SOURCE/eeprom.o
                0x00005756                EEPROM_readChunk
 .text.main     0x00005864       0x24 ./APP/SmartHomeSystem.o
                0x00005864                main
 .text.InitSystem
                0x00005888       0x40 ./APP/SmartHomeSystem.o
                0x00005888                InitSystem
 .text.InitDataBase
                0x000058c8       0xde ./APP/SmartHomeSystem.o
                0x000058c8                InitDataBase
 .text.CreateNewUser
                0x000059a6       0xb4 ./APP/SmartHomeSystem.o
                0x000059a6                CreateNewUser
 .text.WelcomeMenu
                0x00005a5a      0x122 ./APP/SmartHomeSystem.o
                0x00005a5a                WelcomeMenu
 .text.LoginMenu
                0x00005b7c       0xa6 ./APP/SmartHomeSystem.o
                0x00005b7c                LoginMenu
 .text.DisplayLoginMenu
                0x00005c22       0x36 ./APP/SmartHomeSystem.o
                0x00005c22                DisplayLoginMenu
 .text.GetUserName
                0x00005c58       0x7e ./APP/SmartHomeSystem.o
                0x00005c58                GetUserName
 .text.GetPassword
                0x00005cd6       0x7e ./APP/SmartHomeSystem.o
                0x00005cd6                GetPassword
 .text.CheckClientData
                0x00005d54       0x66 ./APP/SmartHomeSystem.o
                0x00005d54                CheckClientData
 .text.FindUserData
                0x00005dba       0x76 ./APP/SmartHomeSystem.o
                0x00005dba                FindUserData
 .text.CheckPassword
                0x00005e30       0xba ./APP/SmartHomeSystem.o
                0x00005e30                CheckPassword
 .text.ControlMenu
                0x00005eea        0xe ./APP/SmartHomeSystem.o
                0x00005eea                ControlMenu
 .text.DispalyControlMenu
                0x00005ef8      0x2b8 ./APP/SmartHomeSystem.o
                0x00005ef8                DispalyControlMenu
 .text.WrongPasswordMenu
                0x000061b0      0x220 ./APP/SmartHomeSystem.o
                0x000061b0                WrongPasswordMenu
 .text.BlockSystemMenu
                0x000063d0      0x132 ./APP/SmartHomeSystem.o
                0x000063d0                BlockSystemMenu
 .text.libgcc   0x00006502       0x18 y:/eng ahmed/embedded system nti/tools/imt_sdk_win_64/winavr/bin/../lib/gcc/avr/4.3.3/avr5\libgcc.a(_udivmodqi4.o)
                0x00006502                __udivmodqi4
 .text.libgcc   0x0000651a        0x0 y:/eng ahmed/embedded system nti/tools/imt_sdk_win_64/winavr/bin/../lib/gcc/avr/4.3.3/avr5\libgcc.a(_exit.o)
 .text.libgcc   0x0000651a        0x0 y:/eng ahmed/embedded system nti/tools/imt_sdk_win_64/winavr/bin/../lib/gcc/avr/4.3.3/avr5\libgcc.a(_copy_data.o)
 .text.libgcc   0x0000651a        0x0 y:/eng ahmed/embedded system nti/tools/imt_sdk_win_64/winavr/bin/../lib/gcc/avr/4.3.3/avr5\libgcc.a(_clear_bss.o)
 .text.libgcc   0x0000651a       0x3e y:/eng ahmed/embedded system nti/tools/imt_sdk_win_64/winavr/bin/../lib/gcc/avr/4.3.3/avr5\libgcc.a(_mulsi3.o)
                0x0000651a                __mulsi3
 .text.libgcc   0x00006558       0x44 y:/eng ahmed/embedded system nti/tools/imt_sdk_win_64/winavr/bin/../lib/gcc/avr/4.3.3/avr5\libgcc.a(_udivmodsi4.o)
                0x00006558                __udivmodsi4
 .text.libgcc   0x0000659c       0x38 y:/eng ahmed/embedded system nti/tools/imt_sdk_win_64/winavr/bin/../lib/gcc/avr/4.3.3/avr5\libgcc.a(_prologue.o)
                0x0000659c                __prologue_saves__
 .text.libgcc   0x000065d4       0x36 y:/eng ahmed/embedded system nti/tools/imt_sdk_win_64/winavr/bin/../lib/gcc/avr/4.3.3/avr5\libgcc.a(_epilogue.o)
                0x000065d4                __epilogue_restores__
 .text.avr-libc
                0x0000660a       0x38 y:/eng ahmed/embedded system nti/tools/imt_sdk_win_64/winavr/bin/../lib/gcc/avr/4.3.3/../../../../avr/lib/avr5\libc.a(calloc.o)
                0x0000660a                calloc
 .text.avr-libc
                0x00006642      0x20a y:/eng ahmed/embedded system nti/tools/imt_sdk_win_64/winavr/bin/../lib/gcc/avr/4.3.3/../../../../avr/lib/avr5\libc.a(malloc.o)
                0x00006642                malloc
                0x0000679c                free
 .text.avr-libc
                0x0000684c        0xe y:/eng ahmed/embedded system nti/tools/imt_sdk_win_64/winavr/bin/../lib/gcc/avr/4.3.3/../../../../avr/lib/avr5\libc.a(memset.o)
                0x0000684c                memset
 .text.avr-libc
                0x0000685a       0x12 y:/eng ahmed/embedded system nti/tools/imt_sdk_win_64/winavr/bin/../lib/gcc/avr/4.3.3/../../../../avr/lib/avr5\libc.a(strcmp.o)
                0x0000685a                strcmp
                0x0000686c                . = ALIGN (0x2)
 *(.fini9)
 .fini9         0x0000686c        0x0 y:/eng ahmed/embedded system nti/tools/imt_sdk_win_64/winavr/bin/../lib/gcc/avr/4.3.3/avr5\libgcc.a(_exit.o)
                0x0000686c                exit
                0x0000686c                _exit
 *(.fini9)
 *(.fini8)
 *(.fini8)
 *(.fini7)
 *(.fini7)
 *(.fini6)
 *(.fini6)
 *(.fini5)
 *(.fini5)
 *(.fini4)
 *(.fini4)
 *(.fini3)
 *(.fini3)
 *(.fini2)
 *(.fini2)
 *(.fini1)
 *(.fini1)
 *(.fini0)
 .fini0         0x0000686c        0x4 y:/eng ahmed/embedded system nti/tools/imt_sdk_win_64/winavr/bin/../lib/gcc/avr/4.3.3/avr5\libgcc.a(_exit.o)
 *(.fini0)
                0x00006870                _etext = .

.data           0x00800060      0x1ca load address 0x00006870
                0x00800060                PROVIDE (__data_start, .)
 *(.data)
 .data          0x00800060        0x0 y:/eng ahmed/embedded system nti/tools/imt_sdk_win_64/winavr/bin/../lib/gcc/avr/4.3.3/../../../../avr/lib/avr5/crtm32.o
 .data          0x00800060        0x0 ./MCAL/UART/Source/UART_program.o
 .data          0x00800060        0x0 ./MCAL/SPI/Source/SPI_program.o
 .data          0x00800060        0x0 ./MCAL/PORT/SOURCE/port.o
 .data          0x00800060        0x0 ./MCAL/I2C/SOURCE/i2c.o
 .data          0x00800060        0x0 ./MCAL/DIO/SOURCE/dio.o
 .data          0x00800060        0x0 ./HAL/LCD/SOURCE/lcd.o
 .data          0x00800060        0x0 ./HAL/KEYPAD/SOURCE/keypad.o
 .data          0x00800060        0x0 ./HAL/EEPROM/SOURCE/eeprom.o
 .data          0x00800060       0xa6 ./APP/SmartHomeSystem.o
 .data          0x00800106        0x0 y:/eng ahmed/embedded system nti/tools/imt_sdk_win_64/winavr/bin/../lib/gcc/avr/4.3.3/avr5\libgcc.a(_udivmodqi4.o)
 .data          0x00800106        0x0 y:/eng ahmed/embedded system nti/tools/imt_sdk_win_64/winavr/bin/../lib/gcc/avr/4.3.3/avr5\libgcc.a(_exit.o)
 .data          0x00800106        0x0 y:/eng ahmed/embedded system nti/tools/imt_sdk_win_64/winavr/bin/../lib/gcc/avr/4.3.3/avr5\libgcc.a(_copy_data.o)
 .data          0x00800106        0x0 y:/eng ahmed/embedded system nti/tools/imt_sdk_win_64/winavr/bin/../lib/gcc/avr/4.3.3/avr5\libgcc.a(_clear_bss.o)
 .data          0x00800106        0x0 y:/eng ahmed/embedded system nti/tools/imt_sdk_win_64/winavr/bin/../lib/gcc/avr/4.3.3/avr5\libgcc.a(_ashldi3.o)
 .data          0x00800106        0x0 y:/eng ahmed/embedded system nti/tools/imt_sdk_win_64/winavr/bin/../lib/gcc/avr/4.3.3/avr5\libgcc.a(_fixunssfsi.o)
 .data          0x00800106        0x0 y:/eng ahmed/embedded system nti/tools/imt_sdk_win_64/winavr/bin/../lib/gcc/avr/4.3.3/avr5\libgcc.a(_udivdi3.o)
 .data          0x00800106        0x0 y:/eng ahmed/embedded system nti/tools/imt_sdk_win_64/winavr/bin/../lib/gcc/avr/4.3.3/avr5\libgcc.a(_umoddi3.o)
 .data          0x00800106        0x0 y:/eng ahmed/embedded system nti/tools/imt_sdk_win_64/winavr/bin/../lib/gcc/avr/4.3.3/avr5\libgcc.a(_addsub_sf.o)
 .data          0x00800106        0x0 y:/eng ahmed/embedded system nti/tools/imt_sdk_win_64/winavr/bin/../lib/gcc/avr/4.3.3/avr5\libgcc.a(_mul_sf.o)
 .data          0x00800106        0x0 y:/eng ahmed/embedded system nti/tools/imt_sdk_win_64/winavr/bin/../lib/gcc/avr/4.3.3/avr5\libgcc.a(_gt_sf.o)
 .data          0x00800106        0x0 y:/eng ahmed/embedded system nti/tools/imt_sdk_win_64/winavr/bin/../lib/gcc/avr/4.3.3/avr5\libgcc.a(_ge_sf.o)
 .data          0x00800106        0x0 y:/eng ahmed/embedded system nti/tools/imt_sdk_win_64/winavr/bin/../lib/gcc/avr/4.3.3/avr5\libgcc.a(_lt_sf.o)
 .data          0x00800106        0x0 y:/eng ahmed/embedded system nti/tools/imt_sdk_win_64/winavr/bin/../lib/gcc/avr/4.3.3/avr5\libgcc.a(_sf_to_si.o)
 .data          0x00800106        0x8 y:/eng ahmed/embedded system nti/tools/imt_sdk_win_64/winavr/bin/../lib/gcc/avr/4.3.3/avr5\libgcc.a(_thenan_sf.o)
                0x00800106                __thenan_sf
 .data          0x0080010e        0x0 y:/eng ahmed/embedded system nti/tools/imt_sdk_win_64/winavr/bin/../lib/gcc/avr/4.3.3/avr5\libgcc.a(_mulsi3.o)
 .data          0x0080010e        0x0 y:/eng ahmed/embedded system nti/tools/imt_sdk_win_64/winavr/bin/../lib/gcc/avr/4.3.3/avr5\libgcc.a(_udivmodsi4.o)
 .data          0x0080010e        0x0 y:/eng ahmed/embedded system nti/tools/imt_sdk_win_64/winavr/bin/../lib/gcc/avr/4.3.3/avr5\libgcc.a(_prologue.o)
 .data          0x0080010e        0x0 y:/eng ahmed/embedded system nti/tools/imt_sdk_win_64/winavr/bin/../lib/gcc/avr/4.3.3/avr5\libgcc.a(_epilogue.o)
 .data          0x0080010e      0x100 y:/eng ahmed/embedded system nti/tools/imt_sdk_win_64/winavr/bin/../lib/gcc/avr/4.3.3/avr5\libgcc.a(_clz.o)
                0x0080010e                __clz_tab
 .data          0x0080020e        0x0 y:/eng ahmed/embedded system nti/tools/imt_sdk_win_64/winavr/bin/../lib/gcc/avr/4.3.3/avr5\libgcc.a(_pack_sf.o)
 .data          0x0080020e        0x0 y:/eng ahmed/embedded system nti/tools/imt_sdk_win_64/winavr/bin/../lib/gcc/avr/4.3.3/avr5\libgcc.a(_unpack_sf.o)
 .data          0x0080020e        0x0 y:/eng ahmed/embedded system nti/tools/imt_sdk_win_64/winavr/bin/../lib/gcc/avr/4.3.3/avr5\libgcc.a(_fpcmp_parts_sf.o)
 .data          0x0080020e        0x0 y:/eng ahmed/embedded system nti/tools/imt_sdk_win_64/winavr/bin/../lib/gcc/avr/4.3.3/../../../../avr/lib/avr5\libc.a(calloc.o)
 .data          0x0080020e        0x6 y:/eng ahmed/embedded system nti/tools/imt_sdk_win_64/winavr/bin/../lib/gcc/avr/4.3.3/../../../../avr/lib/avr5\libc.a(malloc.o)
                0x00800210                __malloc_heap_start
                0x00800212                __malloc_heap_end
                0x0080020e                __malloc_margin
 .data          0x00800214        0x0 y:/eng ahmed/embedded system nti/tools/imt_sdk_win_64/winavr/bin/../lib/gcc/avr/4.3.3/../../../../avr/lib/avr5\libc.a(memset.o)
 .data          0x00800214        0x0 y:/eng ahmed/embedded system nti/tools/imt_sdk_win_64/winavr/bin/../lib/gcc/avr/4.3.3/../../../../avr/lib/avr5\libc.a(strcmp.o)
 *(.data*)
 .data.LOC_columnsPinsID
                0x00800214        0x4 ./HAL/KEYPAD/SOURCE/keypad.o
 .data.g_keypad_sympols
                0x00800218       0x10 ./HAL/KEYPAD/SOURCE/keypad.o
 .data.index    0x00800228        0x1 ./APP/SmartHomeSystem.o
                0x00800228                index
 *(.rodata)
 *(.rodata*)
 *(.gnu.linkonce.d*)
                0x0080022a                . = ALIGN (0x2)
 *fill*         0x00800229        0x1 00
                0x0080022a                _edata = .
                0x0080022a                PROVIDE (__data_end, .)

.bss            0x0080022a       0x13
                0x0080022a                PROVIDE (__bss_start, .)
 *(.bss)
 .bss           0x0080022a        0x0 y:/eng ahmed/embedded system nti/tools/imt_sdk_win_64/winavr/bin/../lib/gcc/avr/4.3.3/../../../../avr/lib/avr5/crtm32.o
 .bss           0x0080022a        0x0 ./MCAL/UART/Source/UART_program.o
 .bss           0x0080022a        0x0 ./MCAL/SPI/Source/SPI_program.o
 .bss           0x0080022a        0x0 ./MCAL/PORT/SOURCE/port.o
 .bss           0x0080022a        0x0 ./MCAL/I2C/SOURCE/i2c.o
 .bss           0x0080022a        0x0 ./MCAL/DIO/SOURCE/dio.o
 .bss           0x0080022a        0x0 ./HAL/LCD/SOURCE/lcd.o
 .bss           0x0080022a        0x0 ./HAL/KEYPAD/SOURCE/keypad.o
 .bss           0x0080022a        0x0 ./HAL/EEPROM/SOURCE/eeprom.o
 .bss           0x0080022a        0x0 ./APP/SmartHomeSystem.o
 .bss           0x0080022a        0x0 y:/eng ahmed/embedded system nti/tools/imt_sdk_win_64/winavr/bin/../lib/gcc/avr/4.3.3/avr5\libgcc.a(_udivmodqi4.o)
 .bss           0x0080022a        0x0 y:/eng ahmed/embedded system nti/tools/imt_sdk_win_64/winavr/bin/../lib/gcc/avr/4.3.3/avr5\libgcc.a(_exit.o)
 .bss           0x0080022a        0x0 y:/eng ahmed/embedded system nti/tools/imt_sdk_win_64/winavr/bin/../lib/gcc/avr/4.3.3/avr5\libgcc.a(_copy_data.o)
 .bss           0x0080022a        0x0 y:/eng ahmed/embedded system nti/tools/imt_sdk_win_64/winavr/bin/../lib/gcc/avr/4.3.3/avr5\libgcc.a(_clear_bss.o)
 .bss           0x0080022a        0x0 y:/eng ahmed/embedded system nti/tools/imt_sdk_win_64/winavr/bin/../lib/gcc/avr/4.3.3/avr5\libgcc.a(_ashldi3.o)
 .bss           0x0080022a        0x0 y:/eng ahmed/embedded system nti/tools/imt_sdk_win_64/winavr/bin/../lib/gcc/avr/4.3.3/avr5\libgcc.a(_fixunssfsi.o)
 .bss           0x0080022a        0x0 y:/eng ahmed/embedded system nti/tools/imt_sdk_win_64/winavr/bin/../lib/gcc/avr/4.3.3/avr5\libgcc.a(_udivdi3.o)
 .bss           0x0080022a        0x0 y:/eng ahmed/embedded system nti/tools/imt_sdk_win_64/winavr/bin/../lib/gcc/avr/4.3.3/avr5\libgcc.a(_umoddi3.o)
 .bss           0x0080022a        0x0 y:/eng ahmed/embedded system nti/tools/imt_sdk_win_64/winavr/bin/../lib/gcc/avr/4.3.3/avr5\libgcc.a(_addsub_sf.o)
 .bss           0x0080022a        0x0 y:/eng ahmed/embedded system nti/tools/imt_sdk_win_64/winavr/bin/../lib/gcc/avr/4.3.3/avr5\libgcc.a(_mul_sf.o)
 .bss           0x0080022a        0x0 y:/eng ahmed/embedded system nti/tools/imt_sdk_win_64/winavr/bin/../lib/gcc/avr/4.3.3/avr5\libgcc.a(_gt_sf.o)
 .bss           0x0080022a        0x0 y:/eng ahmed/embedded system nti/tools/imt_sdk_win_64/winavr/bin/../lib/gcc/avr/4.3.3/avr5\libgcc.a(_ge_sf.o)
 .bss           0x0080022a        0x0 y:/eng ahmed/embedded system nti/tools/imt_sdk_win_64/winavr/bin/../lib/gcc/avr/4.3.3/avr5\libgcc.a(_lt_sf.o)
 .bss           0x0080022a        0x0 y:/eng ahmed/embedded system nti/tools/imt_sdk_win_64/winavr/bin/../lib/gcc/avr/4.3.3/avr5\libgcc.a(_sf_to_si.o)
 .bss           0x0080022a        0x0 y:/eng ahmed/embedded system nti/tools/imt_sdk_win_64/winavr/bin/../lib/gcc/avr/4.3.3/avr5\libgcc.a(_thenan_sf.o)
 .bss           0x0080022a        0x0 y:/eng ahmed/embedded system nti/tools/imt_sdk_win_64/winavr/bin/../lib/gcc/avr/4.3.3/avr5\libgcc.a(_mulsi3.o)
 .bss           0x0080022a        0x0 y:/eng ahmed/embedded system nti/tools/imt_sdk_win_64/winavr/bin/../lib/gcc/avr/4.3.3/avr5\libgcc.a(_udivmodsi4.o)
 .bss           0x0080022a        0x0 y:/eng ahmed/embedded system nti/tools/imt_sdk_win_64/winavr/bin/../lib/gcc/avr/4.3.3/avr5\libgcc.a(_prologue.o)
 .bss           0x0080022a        0x0 y:/eng ahmed/embedded system nti/tools/imt_sdk_win_64/winavr/bin/../lib/gcc/avr/4.3.3/avr5\libgcc.a(_epilogue.o)
 .bss           0x0080022a        0x0 y:/eng ahmed/embedded system nti/tools/imt_sdk_win_64/winavr/bin/../lib/gcc/avr/4.3.3/avr5\libgcc.a(_clz.o)
 .bss           0x0080022a        0x0 y:/eng ahmed/embedded system nti/tools/imt_sdk_win_64/winavr/bin/../lib/gcc/avr/4.3.3/avr5\libgcc.a(_pack_sf.o)
 .bss           0x0080022a        0x0 y:/eng ahmed/embedded system nti/tools/imt_sdk_win_64/winavr/bin/../lib/gcc/avr/4.3.3/avr5\libgcc.a(_unpack_sf.o)
 .bss           0x0080022a        0x0 y:/eng ahmed/embedded system nti/tools/imt_sdk_win_64/winavr/bin/../lib/gcc/avr/4.3.3/avr5\libgcc.a(_fpcmp_parts_sf.o)
 .bss           0x0080022a        0x0 y:/eng ahmed/embedded system nti/tools/imt_sdk_win_64/winavr/bin/../lib/gcc/avr/4.3.3/../../../../avr/lib/avr5\libc.a(calloc.o)
 .bss           0x0080022a        0x0 y:/eng ahmed/embedded system nti/tools/imt_sdk_win_64/winavr/bin/../lib/gcc/avr/4.3.3/../../../../avr/lib/avr5\libc.a(malloc.o)
 .bss           0x0080022a        0x0 y:/eng ahmed/embedded system nti/tools/imt_sdk_win_64/winavr/bin/../lib/gcc/avr/4.3.3/../../../../avr/lib/avr5\libc.a(memset.o)
 .bss           0x0080022a        0x0 y:/eng ahmed/embedded system nti/tools/imt_sdk_win_64/winavr/bin/../lib/gcc/avr/4.3.3/../../../../avr/lib/avr5\libc.a(strcmp.o)
 *(.bss*)
 .bss.G_ptr2runningFunction
                0x0080022a        0x2 ./APP/SmartHomeSystem.o
 .bss.G_ptr2headUser
                0x0080022c        0x2 ./APP/SmartHomeSystem.o
 .bss.G_wrongLoginCounter
                0x0080022e        0x1 ./APP/SmartHomeSystem.o
 .bss.customChar
                0x0080022f        0x8 ./APP/SmartHomeSystem.o
                0x0080022f                customChar
 *(COMMON)
 COMMON         0x00800237        0x2 ./APP/SmartHomeSystem.o
                0x00800237                Temp
                0x00800238                Fan
 COMMON         0x00800239        0x4 y:/eng ahmed/embedded system nti/tools/imt_sdk_win_64/winavr/bin/../lib/gcc/avr/4.3.3/../../../../avr/lib/avr5\libc.a(malloc.o)
                0x00800239                __brkval
                0x0080023b                __flp
                0x0080023d                PROVIDE (__bss_end, .)
                0x00006870                __data_load_start = LOADADDR (.data)
                0x00006a3a                __data_load_end = (__data_load_start + SIZEOF (.data))

.noinit         0x0080023d        0x0
                0x0080023d                PROVIDE (__noinit_start, .)
 *(.noinit*)
                0x0080023d                PROVIDE (__noinit_end, .)
                0x0080023d                _end = .
                0x0080023d                PROVIDE (__heap_start, .)

.eeprom         0x00810000        0x0
 *(.eeprom*)
                0x00810000                __eeprom_end = .

.fuse
 *(.fuse)
 *(.lfuse)
 *(.hfuse)
 *(.efuse)

.lock
 *(.lock*)

.signature
 *(.signature*)

.stab           0x00000000     0x507c
 *(.stab)
 .stab          0x00000000      0x594 ./MCAL/UART/Source/UART_program.o
 .stab          0x00000594      0x7b0 ./MCAL/SPI/Source/SPI_program.o
                                0x7bc (size before relaxing)
 .stab          0x00000d44      0x534 ./MCAL/PORT/SOURCE/port.o
                                0x540 (size before relaxing)
 .stab          0x00001278      0x42c ./MCAL/I2C/SOURCE/i2c.o
                                0x5e8 (size before relaxing)
 .stab          0x000016a4      0x69c ./MCAL/DIO/SOURCE/dio.o
                                0x858 (size before relaxing)
 .stab          0x00001d40     0x12e4 ./HAL/LCD/SOURCE/lcd.o
                               0x1470 (size before relaxing)
 .stab          0x00003024      0x3c0 ./HAL/KEYPAD/SOURCE/keypad.o
                                0x3cc (size before relaxing)
 .stab          0x000033e4      0xa20 ./HAL/EEPROM/SOURCE/eeprom.o
                                0xbb8 (size before relaxing)
 .stab          0x00003e04     0x1278 ./APP/SmartHomeSystem.o
                               0x1410 (size before relaxing)

.stabstr        0x00000000     0x29db
 *(.stabstr)
 .stabstr       0x00000000     0x29db ./MCAL/UART/Source/UART_program.o

.stab.excl
 *(.stab.excl)

.stab.exclstr
 *(.stab.exclstr)

.stab.index
 *(.stab.index)

.stab.indexstr
 *(.stab.indexstr)

.comment
 *(.comment)

.debug
 *(.debug)

.line
 *(.line)

.debug_srcinfo
 *(.debug_srcinfo)

.debug_sfnames
 *(.debug_sfnames)

.debug_aranges  0x00000000      0x1a0
 *(.debug_aranges)
 .debug_aranges
                0x00000000       0x20 y:/eng ahmed/embedded system nti/tools/imt_sdk_win_64/winavr/bin/../lib/gcc/avr/4.3.3/avr5\libgcc.a(_ashldi3.o)
 .debug_aranges
                0x00000020       0x20 y:/eng ahmed/embedded system nti/tools/imt_sdk_win_64/winavr/bin/../lib/gcc/avr/4.3.3/avr5\libgcc.a(_fixunssfsi.o)
 .debug_aranges
                0x00000040       0x20 y:/eng ahmed/embedded system nti/tools/imt_sdk_win_64/winavr/bin/../lib/gcc/avr/4.3.3/avr5\libgcc.a(_udivdi3.o)
 .debug_aranges
                0x00000060       0x20 y:/eng ahmed/embedded system nti/tools/imt_sdk_win_64/winavr/bin/../lib/gcc/avr/4.3.3/avr5\libgcc.a(_umoddi3.o)
 .debug_aranges
                0x00000080       0x20 y:/eng ahmed/embedded system nti/tools/imt_sdk_win_64/winavr/bin/../lib/gcc/avr/4.3.3/avr5\libgcc.a(_addsub_sf.o)
 .debug_aranges
                0x000000a0       0x20 y:/eng ahmed/embedded system nti/tools/imt_sdk_win_64/winavr/bin/../lib/gcc/avr/4.3.3/avr5\libgcc.a(_mul_sf.o)
 .debug_aranges
                0x000000c0       0x20 y:/eng ahmed/embedded system nti/tools/imt_sdk_win_64/winavr/bin/../lib/gcc/avr/4.3.3/avr5\libgcc.a(_gt_sf.o)
 .debug_aranges
                0x000000e0       0x20 y:/eng ahmed/embedded system nti/tools/imt_sdk_win_64/winavr/bin/../lib/gcc/avr/4.3.3/avr5\libgcc.a(_ge_sf.o)
 .debug_aranges
                0x00000100       0x20 y:/eng ahmed/embedded system nti/tools/imt_sdk_win_64/winavr/bin/../lib/gcc/avr/4.3.3/avr5\libgcc.a(_lt_sf.o)
 .debug_aranges
                0x00000120       0x20 y:/eng ahmed/embedded system nti/tools/imt_sdk_win_64/winavr/bin/../lib/gcc/avr/4.3.3/avr5\libgcc.a(_sf_to_si.o)
 .debug_aranges
                0x00000140       0x20 y:/eng ahmed/embedded system nti/tools/imt_sdk_win_64/winavr/bin/../lib/gcc/avr/4.3.3/avr5\libgcc.a(_pack_sf.o)
 .debug_aranges
                0x00000160       0x20 y:/eng ahmed/embedded system nti/tools/imt_sdk_win_64/winavr/bin/../lib/gcc/avr/4.3.3/avr5\libgcc.a(_unpack_sf.o)
 .debug_aranges
                0x00000180       0x20 y:/eng ahmed/embedded system nti/tools/imt_sdk_win_64/winavr/bin/../lib/gcc/avr/4.3.3/avr5\libgcc.a(_fpcmp_parts_sf.o)

.debug_pubnames
                0x00000000      0x1f0
 *(.debug_pubnames)
 .debug_pubnames
                0x00000000       0x20 y:/eng ahmed/embedded system nti/tools/imt_sdk_win_64/winavr/bin/../lib/gcc/avr/4.3.3/avr5\libgcc.a(_ashldi3.o)
 .debug_pubnames
                0x00000020       0x23 y:/eng ahmed/embedded system nti/tools/imt_sdk_win_64/winavr/bin/../lib/gcc/avr/4.3.3/avr5\libgcc.a(_fixunssfsi.o)
 .debug_pubnames
                0x00000043       0x20 y:/eng ahmed/embedded system nti/tools/imt_sdk_win_64/winavr/bin/../lib/gcc/avr/4.3.3/avr5\libgcc.a(_udivdi3.o)
 .debug_pubnames
                0x00000063       0x20 y:/eng ahmed/embedded system nti/tools/imt_sdk_win_64/winavr/bin/../lib/gcc/avr/4.3.3/avr5\libgcc.a(_umoddi3.o)
 .debug_pubnames
                0x00000083       0x2c y:/eng ahmed/embedded system nti/tools/imt_sdk_win_64/winavr/bin/../lib/gcc/avr/4.3.3/avr5\libgcc.a(_addsub_sf.o)
 .debug_pubnames
                0x000000af       0x1f y:/eng ahmed/embedded system nti/tools/imt_sdk_win_64/winavr/bin/../lib/gcc/avr/4.3.3/avr5\libgcc.a(_mul_sf.o)
 .debug_pubnames
                0x000000ce       0x1e y:/eng ahmed/embedded system nti/tools/imt_sdk_win_64/winavr/bin/../lib/gcc/avr/4.3.3/avr5\libgcc.a(_gt_sf.o)
 .debug_pubnames
                0x000000ec       0x1e y:/eng ahmed/embedded system nti/tools/imt_sdk_win_64/winavr/bin/../lib/gcc/avr/4.3.3/avr5\libgcc.a(_ge_sf.o)
 .debug_pubnames
                0x0000010a       0x1e y:/eng ahmed/embedded system nti/tools/imt_sdk_win_64/winavr/bin/../lib/gcc/avr/4.3.3/avr5\libgcc.a(_lt_sf.o)
 .debug_pubnames
                0x00000128       0x20 y:/eng ahmed/embedded system nti/tools/imt_sdk_win_64/winavr/bin/../lib/gcc/avr/4.3.3/avr5\libgcc.a(_sf_to_si.o)
 .debug_pubnames
                0x00000148       0x22 y:/eng ahmed/embedded system nti/tools/imt_sdk_win_64/winavr/bin/../lib/gcc/avr/4.3.3/avr5\libgcc.a(_thenan_sf.o)
 .debug_pubnames
                0x0000016a       0x20 y:/eng ahmed/embedded system nti/tools/imt_sdk_win_64/winavr/bin/../lib/gcc/avr/4.3.3/avr5\libgcc.a(_clz.o)
 .debug_pubnames
                0x0000018a       0x1f y:/eng ahmed/embedded system nti/tools/imt_sdk_win_64/winavr/bin/../lib/gcc/avr/4.3.3/avr5\libgcc.a(_pack_sf.o)
 .debug_pubnames
                0x000001a9       0x21 y:/eng ahmed/embedded system nti/tools/imt_sdk_win_64/winavr/bin/../lib/gcc/avr/4.3.3/avr5\libgcc.a(_unpack_sf.o)
 .debug_pubnames
                0x000001ca       0x26 y:/eng ahmed/embedded system nti/tools/imt_sdk_win_64/winavr/bin/../lib/gcc/avr/4.3.3/avr5\libgcc.a(_fpcmp_parts_sf.o)

.debug_info     0x00000000     0x2ce6
 *(.debug_info)
 .debug_info    0x00000000      0x17f y:/eng ahmed/embedded system nti/tools/imt_sdk_win_64/winavr/bin/../lib/gcc/avr/4.3.3/avr5\libgcc.a(_ashldi3.o)
 .debug_info    0x0000017f       0xb1 y:/eng ahmed/embedded system nti/tools/imt_sdk_win_64/winavr/bin/../lib/gcc/avr/4.3.3/avr5\libgcc.a(_fixunssfsi.o)
 .debug_info    0x00000230      0x71e y:/eng ahmed/embedded system nti/tools/imt_sdk_win_64/winavr/bin/../lib/gcc/avr/4.3.3/avr5\libgcc.a(_udivdi3.o)
 .debug_info    0x0000094e      0x757 y:/eng ahmed/embedded system nti/tools/imt_sdk_win_64/winavr/bin/../lib/gcc/avr/4.3.3/avr5\libgcc.a(_umoddi3.o)
 .debug_info    0x000010a5      0x47a y:/eng ahmed/embedded system nti/tools/imt_sdk_win_64/winavr/bin/../lib/gcc/avr/4.3.3/avr5\libgcc.a(_addsub_sf.o)
 .debug_info    0x0000151f      0x485 y:/eng ahmed/embedded system nti/tools/imt_sdk_win_64/winavr/bin/../lib/gcc/avr/4.3.3/avr5\libgcc.a(_mul_sf.o)
 .debug_info    0x000019a4      0x27f y:/eng ahmed/embedded system nti/tools/imt_sdk_win_64/winavr/bin/../lib/gcc/avr/4.3.3/avr5\libgcc.a(_gt_sf.o)
 .debug_info    0x00001c23      0x27f y:/eng ahmed/embedded system nti/tools/imt_sdk_win_64/winavr/bin/../lib/gcc/avr/4.3.3/avr5\libgcc.a(_ge_sf.o)
 .debug_info    0x00001ea2      0x27f y:/eng ahmed/embedded system nti/tools/imt_sdk_win_64/winavr/bin/../lib/gcc/avr/4.3.3/avr5\libgcc.a(_lt_sf.o)
 .debug_info    0x00002121      0x2b0 y:/eng ahmed/embedded system nti/tools/imt_sdk_win_64/winavr/bin/../lib/gcc/avr/4.3.3/avr5\libgcc.a(_sf_to_si.o)
 .debug_info    0x000023d1      0x12c y:/eng ahmed/embedded system nti/tools/imt_sdk_win_64/winavr/bin/../lib/gcc/avr/4.3.3/avr5\libgcc.a(_thenan_sf.o)
 .debug_info    0x000024fd       0xa9 y:/eng ahmed/embedded system nti/tools/imt_sdk_win_64/winavr/bin/../lib/gcc/avr/4.3.3/avr5\libgcc.a(_clz.o)
 .debug_info    0x000025a6      0x2df y:/eng ahmed/embedded system nti/tools/imt_sdk_win_64/winavr/bin/../lib/gcc/avr/4.3.3/avr5\libgcc.a(_pack_sf.o)
 .debug_info    0x00002885      0x251 y:/eng ahmed/embedded system nti/tools/imt_sdk_win_64/winavr/bin/../lib/gcc/avr/4.3.3/avr5\libgcc.a(_unpack_sf.o)
 .debug_info    0x00002ad6      0x210 y:/eng ahmed/embedded system nti/tools/imt_sdk_win_64/winavr/bin/../lib/gcc/avr/4.3.3/avr5\libgcc.a(_fpcmp_parts_sf.o)
 *(.gnu.linkonce.wi.*)

.debug_abbrev   0x00000000     0x1354
 *(.debug_abbrev)
 .debug_abbrev  0x00000000       0xee y:/eng ahmed/embedded system nti/tools/imt_sdk_win_64/winavr/bin/../lib/gcc/avr/4.3.3/avr5\libgcc.a(_ashldi3.o)
 .debug_abbrev  0x000000ee       0x5d y:/eng ahmed/embedded system nti/tools/imt_sdk_win_64/winavr/bin/../lib/gcc/avr/4.3.3/avr5\libgcc.a(_fixunssfsi.o)
 .debug_abbrev  0x0000014b      0x181 y:/eng ahmed/embedded system nti/tools/imt_sdk_win_64/winavr/bin/../lib/gcc/avr/4.3.3/avr5\libgcc.a(_udivdi3.o)
 .debug_abbrev  0x000002cc      0x190 y:/eng ahmed/embedded system nti/tools/imt_sdk_win_64/winavr/bin/../lib/gcc/avr/4.3.3/avr5\libgcc.a(_umoddi3.o)
 .debug_abbrev  0x0000045c      0x1ea y:/eng ahmed/embedded system nti/tools/imt_sdk_win_64/winavr/bin/../lib/gcc/avr/4.3.3/avr5\libgcc.a(_addsub_sf.o)
 .debug_abbrev  0x00000646      0x21b y:/eng ahmed/embedded system nti/tools/imt_sdk_win_64/winavr/bin/../lib/gcc/avr/4.3.3/avr5\libgcc.a(_mul_sf.o)
 .debug_abbrev  0x00000861      0x15a y:/eng ahmed/embedded system nti/tools/imt_sdk_win_64/winavr/bin/../lib/gcc/avr/4.3.3/avr5\libgcc.a(_gt_sf.o)
 .debug_abbrev  0x000009bb      0x15a y:/eng ahmed/embedded system nti/tools/imt_sdk_win_64/winavr/bin/../lib/gcc/avr/4.3.3/avr5\libgcc.a(_ge_sf.o)
 .debug_abbrev  0x00000b15      0x15a y:/eng ahmed/embedded system nti/tools/imt_sdk_win_64/winavr/bin/../lib/gcc/avr/4.3.3/avr5\libgcc.a(_lt_sf.o)
 .debug_abbrev  0x00000c6f      0x17f y:/eng ahmed/embedded system nti/tools/imt_sdk_win_64/winavr/bin/../lib/gcc/avr/4.3.3/avr5\libgcc.a(_sf_to_si.o)
 .debug_abbrev  0x00000dee       0xad y:/eng ahmed/embedded system nti/tools/imt_sdk_win_64/winavr/bin/../lib/gcc/avr/4.3.3/avr5\libgcc.a(_thenan_sf.o)
 .debug_abbrev  0x00000e9b       0x6a y:/eng ahmed/embedded system nti/tools/imt_sdk_win_64/winavr/bin/../lib/gcc/avr/4.3.3/avr5\libgcc.a(_clz.o)
 .debug_abbrev  0x00000f05      0x1c0 y:/eng ahmed/embedded system nti/tools/imt_sdk_win_64/winavr/bin/../lib/gcc/avr/4.3.3/avr5\libgcc.a(_pack_sf.o)
 .debug_abbrev  0x000010c5      0x154 y:/eng ahmed/embedded system nti/tools/imt_sdk_win_64/winavr/bin/../lib/gcc/avr/4.3.3/avr5\libgcc.a(_unpack_sf.o)
 .debug_abbrev  0x00001219      0x13b y:/eng ahmed/embedded system nti/tools/imt_sdk_win_64/winavr/bin/../lib/gcc/avr/4.3.3/avr5\libgcc.a(_fpcmp_parts_sf.o)

.debug_line     0x00000000     0x1308
 *(.debug_line)
 .debug_line    0x00000000       0xd7 y:/eng ahmed/embedded system nti/tools/imt_sdk_win_64/winavr/bin/../lib/gcc/avr/4.3.3/avr5\libgcc.a(_ashldi3.o)
 .debug_line    0x000000d7       0xa7 y:/eng ahmed/embedded system nti/tools/imt_sdk_win_64/winavr/bin/../lib/gcc/avr/4.3.3/avr5\libgcc.a(_fixunssfsi.o)
 .debug_line    0x0000017e      0x1d8 y:/eng ahmed/embedded system nti/tools/imt_sdk_win_64/winavr/bin/../lib/gcc/avr/4.3.3/avr5\libgcc.a(_udivdi3.o)
 .debug_line    0x00000356      0x230 y:/eng ahmed/embedded system nti/tools/imt_sdk_win_64/winavr/bin/../lib/gcc/avr/4.3.3/avr5\libgcc.a(_umoddi3.o)
 .debug_line    0x00000586      0x2af y:/eng ahmed/embedded system nti/tools/imt_sdk_win_64/winavr/bin/../lib/gcc/avr/4.3.3/avr5\libgcc.a(_addsub_sf.o)
 .debug_line    0x00000835      0x239 y:/eng ahmed/embedded system nti/tools/imt_sdk_win_64/winavr/bin/../lib/gcc/avr/4.3.3/avr5\libgcc.a(_mul_sf.o)
 .debug_line    0x00000a6e       0xd3 y:/eng ahmed/embedded system nti/tools/imt_sdk_win_64/winavr/bin/../lib/gcc/avr/4.3.3/avr5\libgcc.a(_gt_sf.o)
 .debug_line    0x00000b41       0xd3 y:/eng ahmed/embedded system nti/tools/imt_sdk_win_64/winavr/bin/../lib/gcc/avr/4.3.3/avr5\libgcc.a(_ge_sf.o)
 .debug_line    0x00000c14       0xd3 y:/eng ahmed/embedded system nti/tools/imt_sdk_win_64/winavr/bin/../lib/gcc/avr/4.3.3/avr5\libgcc.a(_lt_sf.o)
 .debug_line    0x00000ce7      0x109 y:/eng ahmed/embedded system nti/tools/imt_sdk_win_64/winavr/bin/../lib/gcc/avr/4.3.3/avr5\libgcc.a(_sf_to_si.o)
 .debug_line    0x00000df0       0x90 y:/eng ahmed/embedded system nti/tools/imt_sdk_win_64/winavr/bin/../lib/gcc/avr/4.3.3/avr5\libgcc.a(_thenan_sf.o)
 .debug_line    0x00000e80       0x7c y:/eng ahmed/embedded system nti/tools/imt_sdk_win_64/winavr/bin/../lib/gcc/avr/4.3.3/avr5\libgcc.a(_clz.o)
 .debug_line    0x00000efc      0x18a y:/eng ahmed/embedded system nti/tools/imt_sdk_win_64/winavr/bin/../lib/gcc/avr/4.3.3/avr5\libgcc.a(_pack_sf.o)
 .debug_line    0x00001086      0x14b y:/eng ahmed/embedded system nti/tools/imt_sdk_win_64/winavr/bin/../lib/gcc/avr/4.3.3/avr5\libgcc.a(_unpack_sf.o)
 .debug_line    0x000011d1      0x137 y:/eng ahmed/embedded system nti/tools/imt_sdk_win_64/winavr/bin/../lib/gcc/avr/4.3.3/avr5\libgcc.a(_fpcmp_parts_sf.o)

.debug_frame    0x00000000      0x1c0
 *(.debug_frame)
 .debug_frame   0x00000000       0x20 y:/eng ahmed/embedded system nti/tools/imt_sdk_win_64/winavr/bin/../lib/gcc/avr/4.3.3/avr5\libgcc.a(_ashldi3.o)
 .debug_frame   0x00000020       0x20 y:/eng ahmed/embedded system nti/tools/imt_sdk_win_64/winavr/bin/../lib/gcc/avr/4.3.3/avr5\libgcc.a(_fixunssfsi.o)
 .debug_frame   0x00000040       0x20 y:/eng ahmed/embedded system nti/tools/imt_sdk_win_64/winavr/bin/../lib/gcc/avr/4.3.3/avr5\libgcc.a(_udivdi3.o)
 .debug_frame   0x00000060       0x20 y:/eng ahmed/embedded system nti/tools/imt_sdk_win_64/winavr/bin/../lib/gcc/avr/4.3.3/avr5\libgcc.a(_umoddi3.o)
 .debug_frame   0x00000080       0x40 y:/eng ahmed/embedded system nti/tools/imt_sdk_win_64/winavr/bin/../lib/gcc/avr/4.3.3/avr5\libgcc.a(_addsub_sf.o)
 .debug_frame   0x000000c0       0x20 y:/eng ahmed/embedded system nti/tools/imt_sdk_win_64/winavr/bin/../lib/gcc/avr/4.3.3/avr5\libgcc.a(_mul_sf.o)
 .debug_frame   0x000000e0       0x20 y:/eng ahmed/embedded system nti/tools/imt_sdk_win_64/winavr/bin/../lib/gcc/avr/4.3.3/avr5\libgcc.a(_gt_sf.o)
 .debug_frame   0x00000100       0x20 y:/eng ahmed/embedded system nti/tools/imt_sdk_win_64/winavr/bin/../lib/gcc/avr/4.3.3/avr5\libgcc.a(_ge_sf.o)
 .debug_frame   0x00000120       0x20 y:/eng ahmed/embedded system nti/tools/imt_sdk_win_64/winavr/bin/../lib/gcc/avr/4.3.3/avr5\libgcc.a(_lt_sf.o)
 .debug_frame   0x00000140       0x20 y:/eng ahmed/embedded system nti/tools/imt_sdk_win_64/winavr/bin/../lib/gcc/avr/4.3.3/avr5\libgcc.a(_sf_to_si.o)
 .debug_frame   0x00000160       0x20 y:/eng ahmed/embedded system nti/tools/imt_sdk_win_64/winavr/bin/../lib/gcc/avr/4.3.3/avr5\libgcc.a(_pack_sf.o)
 .debug_frame   0x00000180       0x20 y:/eng ahmed/embedded system nti/tools/imt_sdk_win_64/winavr/bin/../lib/gcc/avr/4.3.3/avr5\libgcc.a(_unpack_sf.o)
 .debug_frame   0x000001a0       0x20 y:/eng ahmed/embedded system nti/tools/imt_sdk_win_64/winavr/bin/../lib/gcc/avr/4.3.3/avr5\libgcc.a(_fpcmp_parts_sf.o)

.debug_str      0x00000000      0x340
 *(.debug_str)
 .debug_str     0x00000000       0xdf y:/eng ahmed/embedded system nti/tools/imt_sdk_win_64/winavr/bin/../lib/gcc/avr/4.3.3/avr5\libgcc.a(_ashldi3.o)
                                0x131 (size before relaxing)
 .debug_str     0x000000df       0x14 y:/eng ahmed/embedded system nti/tools/imt_sdk_win_64/winavr/bin/../lib/gcc/avr/4.3.3/avr5\libgcc.a(_fixunssfsi.o)
                                 0xfe (size before relaxing)
 .debug_str     0x000000f3       0x7c y:/eng ahmed/embedded system nti/tools/imt_sdk_win_64/winavr/bin/../lib/gcc/avr/4.3.3/avr5\libgcc.a(_udivdi3.o)
                                0x18a (size before relaxing)
 .debug_str     0x0000016f        0xa y:/eng ahmed/embedded system nti/tools/imt_sdk_win_64/winavr/bin/../lib/gcc/avr/4.3.3/avr5\libgcc.a(_umoddi3.o)
                                0x18a (size before relaxing)
 .debug_str     0x00000179      0x14d y:/eng ahmed/embedded system nti/tools/imt_sdk_win_64/winavr/bin/../lib/gcc/avr/4.3.3/avr5\libgcc.a(_addsub_sf.o)
                                0x206 (size before relaxing)
 .debug_str     0x000002c6       0x27 y:/eng ahmed/embedded system nti/tools/imt_sdk_win_64/winavr/bin/../lib/gcc/avr/4.3.3/avr5\libgcc.a(_mul_sf.o)
                                0x1bf (size before relaxing)
 .debug_str     0x000002ed        0x8 y:/eng ahmed/embedded system nti/tools/imt_sdk_win_64/winavr/bin/../lib/gcc/avr/4.3.3/avr5\libgcc.a(_gt_sf.o)
                                0x195 (size before relaxing)
 .debug_str     0x000002f5        0x8 y:/eng ahmed/embedded system nti/tools/imt_sdk_win_64/winavr/bin/../lib/gcc/avr/4.3.3/avr5\libgcc.a(_ge_sf.o)
                                0x195 (size before relaxing)
 .debug_str     0x000002fd        0x8 y:/eng ahmed/embedded system nti/tools/imt_sdk_win_64/winavr/bin/../lib/gcc/avr/4.3.3/avr5\libgcc.a(_lt_sf.o)
                                0x195 (size before relaxing)
 .debug_str     0x00000305        0xa y:/eng ahmed/embedded system nti/tools/imt_sdk_win_64/winavr/bin/../lib/gcc/avr/4.3.3/avr5\libgcc.a(_sf_to_si.o)
                                0x19e (size before relaxing)
 .debug_str     0x00000000      0x103 y:/eng ahmed/embedded system nti/tools/imt_sdk_win_64/winavr/bin/../lib/gcc/avr/4.3.3/avr5\libgcc.a(_thenan_sf.o)
 .debug_str     0x00000000       0xf4 y:/eng ahmed/embedded system nti/tools/imt_sdk_win_64/winavr/bin/../lib/gcc/avr/4.3.3/avr5\libgcc.a(_clz.o)
 .debug_str     0x0000030f       0x16 y:/eng ahmed/embedded system nti/tools/imt_sdk_win_64/winavr/bin/../lib/gcc/avr/4.3.3/avr5\libgcc.a(_pack_sf.o)
                                0x19d (size before relaxing)
 .debug_str     0x00000325        0xb y:/eng ahmed/embedded system nti/tools/imt_sdk_win_64/winavr/bin/../lib/gcc/avr/4.3.3/avr5\libgcc.a(_unpack_sf.o)
                                0x17f (size before relaxing)
 .debug_str     0x00000330       0x10 y:/eng ahmed/embedded system nti/tools/imt_sdk_win_64/winavr/bin/../lib/gcc/avr/4.3.3/avr5\libgcc.a(_fpcmp_parts_sf.o)
                                0x163 (size before relaxing)

.debug_loc      0x00000000     0x21ec
 *(.debug_loc)
 .debug_loc     0x00000000       0xf8 y:/eng ahmed/embedded system nti/tools/imt_sdk_win_64/winavr/bin/../lib/gcc/avr/4.3.3/avr5\libgcc.a(_ashldi3.o)
 .debug_loc     0x000000f8       0x34 y:/eng ahmed/embedded system nti/tools/imt_sdk_win_64/winavr/bin/../lib/gcc/avr/4.3.3/avr5\libgcc.a(_fixunssfsi.o)
 .debug_loc     0x0000012c      0xe74 y:/eng ahmed/embedded system nti/tools/imt_sdk_win_64/winavr/bin/../lib/gcc/avr/4.3.3/avr5\libgcc.a(_udivdi3.o)
 .debug_loc     0x00000fa0      0xab2 y:/eng ahmed/embedded system nti/tools/imt_sdk_win_64/winavr/bin/../lib/gcc/avr/4.3.3/avr5\libgcc.a(_umoddi3.o)
 .debug_loc     0x00001a52      0x32a y:/eng ahmed/embedded system nti/tools/imt_sdk_win_64/winavr/bin/../lib/gcc/avr/4.3.3/avr5\libgcc.a(_addsub_sf.o)
 .debug_loc     0x00001d7c      0x104 y:/eng ahmed/embedded system nti/tools/imt_sdk_win_64/winavr/bin/../lib/gcc/avr/4.3.3/avr5\libgcc.a(_mul_sf.o)
 .debug_loc     0x00001e80       0x3c y:/eng ahmed/embedded system nti/tools/imt_sdk_win_64/winavr/bin/../lib/gcc/avr/4.3.3/avr5\libgcc.a(_gt_sf.o)
 .debug_loc     0x00001ebc       0x3c y:/eng ahmed/embedded system nti/tools/imt_sdk_win_64/winavr/bin/../lib/gcc/avr/4.3.3/avr5\libgcc.a(_ge_sf.o)
 .debug_loc     0x00001ef8       0x3c y:/eng ahmed/embedded system nti/tools/imt_sdk_win_64/winavr/bin/../lib/gcc/avr/4.3.3/avr5\libgcc.a(_lt_sf.o)
 .debug_loc     0x00001f34       0x7e y:/eng ahmed/embedded system nti/tools/imt_sdk_win_64/winavr/bin/../lib/gcc/avr/4.3.3/avr5\libgcc.a(_sf_to_si.o)
 .debug_loc     0x00001fb2      0x13e y:/eng ahmed/embedded system nti/tools/imt_sdk_win_64/winavr/bin/../lib/gcc/avr/4.3.3/avr5\libgcc.a(_pack_sf.o)
 .debug_loc     0x000020f0       0xac y:/eng ahmed/embedded system nti/tools/imt_sdk_win_64/winavr/bin/../lib/gcc/avr/4.3.3/avr5\libgcc.a(_unpack_sf.o)
 .debug_loc     0x0000219c       0x50 y:/eng ahmed/embedded system nti/tools/imt_sdk_win_64/winavr/bin/../lib/gcc/avr/4.3.3/avr5\libgcc.a(_fpcmp_parts_sf.o)

.debug_macinfo
 *(.debug_macinfo)
OUTPUT(MASTER_PROJECT.elf elf32-avr)
LOAD linker stubs

.debug_ranges   0x00000000       0x80
 .debug_ranges  0x00000000       0x18 y:/eng ahmed/embedded system nti/tools/imt_sdk_win_64/winavr/bin/../lib/gcc/avr/4.3.3/avr5\libgcc.a(_udivdi3.o)
 .debug_ranges  0x00000018       0x18 y:/eng ahmed/embedded system nti/tools/imt_sdk_win_64/winavr/bin/../lib/gcc/avr/4.3.3/avr5\libgcc.a(_umoddi3.o)
 .debug_ranges  0x00000030       0x50 y:/eng ahmed/embedded system nti/tools/imt_sdk_win_64/winavr/bin/../lib/gcc/avr/4.3.3/avr5\libgcc.a(_mul_sf.o)
