Archive member included because of file (symbol)

y:/eng ahmed/embedded system nti/tools/imt_sdk_win_64/winavr/bin/../lib/gcc/avr/4.3.3/avr5\libgcc.a(_mulsi3.o)
                              ./HAL/LCD/Source/LCD_program.o (__mulsi3)
y:/eng ahmed/embedded system nti/tools/imt_sdk_win_64/winavr/bin/../lib/gcc/avr/4.3.3/avr5\libgcc.a(_udivmodhi4.o)
                              ./MCAL/TIMER/Source/TIMER.o (__udivmodhi4)
y:/eng ahmed/embedded system nti/tools/imt_sdk_win_64/winavr/bin/../lib/gcc/avr/4.3.3/avr5\libgcc.a(_divmodsi4.o)
                              ./HAL/LCD/Source/LCD_program.o (__divmodsi4)
y:/eng ahmed/embedded system nti/tools/imt_sdk_win_64/winavr/bin/../lib/gcc/avr/4.3.3/avr5\libgcc.a(_exit.o)
                              y:/eng ahmed/embedded system nti/tools/imt_sdk_win_64/winavr/bin/../lib/gcc/avr/4.3.3/../../../../avr/lib/avr5/crtm32.o (exit)
y:/eng ahmed/embedded system nti/tools/imt_sdk_win_64/winavr/bin/../lib/gcc/avr/4.3.3/avr5\libgcc.a(_copy_data.o)
                              ./APP/main.o (__do_copy_data)
y:/eng ahmed/embedded system nti/tools/imt_sdk_win_64/winavr/bin/../lib/gcc/avr/4.3.3/avr5\libgcc.a(_clear_bss.o)
                              ./MCAL/TIMER/Source/TIMER.o (__do_clear_bss)
y:/eng ahmed/embedded system nti/tools/imt_sdk_win_64/winavr/bin/../lib/gcc/avr/4.3.3/avr5\libgcc.a(_fixunssfsi.o)
                              ./HAL/LCD/Source/LCD_program.o (__fixunssfsi)
y:/eng ahmed/embedded system nti/tools/imt_sdk_win_64/winavr/bin/../lib/gcc/avr/4.3.3/avr5\libgcc.a(_addsub_sf.o)
                              y:/eng ahmed/embedded system nti/tools/imt_sdk_win_64/winavr/bin/../lib/gcc/avr/4.3.3/avr5\libgcc.a(_fixunssfsi.o) (__subsf3)
y:/eng ahmed/embedded system nti/tools/imt_sdk_win_64/winavr/bin/../lib/gcc/avr/4.3.3/avr5\libgcc.a(_mul_sf.o)
                              ./HAL/LCD/Source/LCD_program.o (__mulsf3)
y:/eng ahmed/embedded system nti/tools/imt_sdk_win_64/winavr/bin/../lib/gcc/avr/4.3.3/avr5\libgcc.a(_gt_sf.o)
                              ./HAL/LCD/Source/LCD_program.o (__gtsf2)
y:/eng ahmed/embedded system nti/tools/imt_sdk_win_64/winavr/bin/../lib/gcc/avr/4.3.3/avr5\libgcc.a(_ge_sf.o)
                              y:/eng ahmed/embedded system nti/tools/imt_sdk_win_64/winavr/bin/../lib/gcc/avr/4.3.3/avr5\libgcc.a(_fixunssfsi.o) (__gesf2)
y:/eng ahmed/embedded system nti/tools/imt_sdk_win_64/winavr/bin/../lib/gcc/avr/4.3.3/avr5\libgcc.a(_lt_sf.o)
                              ./HAL/LCD/Source/LCD_program.o (__ltsf2)
y:/eng ahmed/embedded system nti/tools/imt_sdk_win_64/winavr/bin/../lib/gcc/avr/4.3.3/avr5\libgcc.a(_sf_to_si.o)
                              y:/eng ahmed/embedded system nti/tools/imt_sdk_win_64/winavr/bin/../lib/gcc/avr/4.3.3/avr5\libgcc.a(_fixunssfsi.o) (__fixsfsi)
y:/eng ahmed/embedded system nti/tools/imt_sdk_win_64/winavr/bin/../lib/gcc/avr/4.3.3/avr5\libgcc.a(_thenan_sf.o)
                              y:/eng ahmed/embedded system nti/tools/imt_sdk_win_64/winavr/bin/../lib/gcc/avr/4.3.3/avr5\libgcc.a(_addsub_sf.o) (__thenan_sf)
y:/eng ahmed/embedded system nti/tools/imt_sdk_win_64/winavr/bin/../lib/gcc/avr/4.3.3/avr5\libgcc.a(_udivmodsi4.o)
                              y:/eng ahmed/embedded system nti/tools/imt_sdk_win_64/winavr/bin/../lib/gcc/avr/4.3.3/avr5\libgcc.a(_divmodsi4.o) (__udivmodsi4)
y:/eng ahmed/embedded system nti/tools/imt_sdk_win_64/winavr/bin/../lib/gcc/avr/4.3.3/avr5\libgcc.a(_prologue.o)
                              y:/eng ahmed/embedded system nti/tools/imt_sdk_win_64/winavr/bin/../lib/gcc/avr/4.3.3/avr5\libgcc.a(_addsub_sf.o) (__prologue_saves__)
y:/eng ahmed/embedded system nti/tools/imt_sdk_win_64/winavr/bin/../lib/gcc/avr/4.3.3/avr5\libgcc.a(_epilogue.o)
                              y:/eng ahmed/embedded system nti/tools/imt_sdk_win_64/winavr/bin/../lib/gcc/avr/4.3.3/avr5\libgcc.a(_addsub_sf.o) (__epilogue_restores__)
y:/eng ahmed/embedded system nti/tools/imt_sdk_win_64/winavr/bin/../lib/gcc/avr/4.3.3/avr5\libgcc.a(_pack_sf.o)
                              y:/eng ahmed/embedded system nti/tools/imt_sdk_win_64/winavr/bin/../lib/gcc/avr/4.3.3/avr5\libgcc.a(_addsub_sf.o) (__pack_f)
y:/eng ahmed/embedded system nti/tools/imt_sdk_win_64/winavr/bin/../lib/gcc/avr/4.3.3/avr5\libgcc.a(_unpack_sf.o)
                              y:/eng ahmed/embedded system nti/tools/imt_sdk_win_64/winavr/bin/../lib/gcc/avr/4.3.3/avr5\libgcc.a(_addsub_sf.o) (__unpack_f)
y:/eng ahmed/embedded system nti/tools/imt_sdk_win_64/winavr/bin/../lib/gcc/avr/4.3.3/avr5\libgcc.a(_fpcmp_parts_sf.o)
                              y:/eng ahmed/embedded system nti/tools/imt_sdk_win_64/winavr/bin/../lib/gcc/avr/4.3.3/avr5\libgcc.a(_gt_sf.o) (__fpcmp_parts_f)

Allocating common symbols
Common symbol       size              file

Temperature_u16Value
                    0x2               ./APP/main.o
Receive_u8Data      0x1               ./APP/main.o
Fan_u16Speed        0x1               ./APP/main.o

Memory Configuration

Name             Origin             Length             Attributes
text             0x00000000         0x00020000         xr
data             0x00800060         0x0000ffa0         rw !x
eeprom           0x00810000         0x00010000         rw !x
fuse             0x00820000         0x00000400         rw !x
lock             0x00830000         0x00000400         rw !x
signature        0x00840000         0x00000400         rw !x
*default*        0x00000000         0xffffffff

Linker script and memory map

LOAD y:/eng ahmed/embedded system nti/tools/imt_sdk_win_64/winavr/bin/../lib/gcc/avr/4.3.3/../../../../avr/lib/avr5/crtm32.o
LOAD ./MCAL/UART/Source/UART_program.o
LOAD ./MCAL/TIMER/Source/TIMER.o
LOAD ./MCAL/SPI/Source/SPI_program.o
LOAD ./MCAL/PORT/Source/PORT_program.o
LOAD ./MCAL/GIE/Source/GIE_program.o
LOAD ./MCAL/EXTI/Source/EXTI_program.o
LOAD ./MCAL/DIO/Source/DIO_program.o
LOAD ./MCAL/ADC/Source/ADC.o
LOAD ./HAL/LCD/Source/LCD_program.o
LOAD ./APP/main.o
LOAD y:/eng ahmed/embedded system nti/tools/imt_sdk_win_64/winavr/bin/../lib/gcc/avr/4.3.3/avr5\libgcc.a
LOAD y:/eng ahmed/embedded system nti/tools/imt_sdk_win_64/winavr/bin/../lib/gcc/avr/4.3.3/../../../../avr/lib/avr5\libc.a
LOAD y:/eng ahmed/embedded system nti/tools/imt_sdk_win_64/winavr/bin/../lib/gcc/avr/4.3.3/avr5\libgcc.a

.hash
 *(.hash)

.dynsym
 *(.dynsym)

.dynstr
 *(.dynstr)

.gnu.version
 *(.gnu.version)

.gnu.version_d
 *(.gnu.version_d)

.gnu.version_r
 *(.gnu.version_r)

.rel.init
 *(.rel.init)

.rela.init
 *(.rela.init)

.rel.text
 *(.rel.text)
 *(.rel.text.*)
 *(.rel.gnu.linkonce.t*)

.rela.text
 *(.rela.text)
 *(.rela.text.*)
 *(.rela.gnu.linkonce.t*)

.rel.fini
 *(.rel.fini)

.rela.fini
 *(.rela.fini)

.rel.rodata
 *(.rel.rodata)
 *(.rel.rodata.*)
 *(.rel.gnu.linkonce.r*)

.rela.rodata
 *(.rela.rodata)
 *(.rela.rodata.*)
 *(.rela.gnu.linkonce.r*)

.rel.data
 *(.rel.data)
 *(.rel.data.*)
 *(.rel.gnu.linkonce.d*)

.rela.data
 *(.rela.data)
 *(.rela.data.*)
 *(.rela.gnu.linkonce.d*)

.rel.ctors
 *(.rel.ctors)

.rela.ctors
 *(.rela.ctors)

.rel.dtors
 *(.rel.dtors)

.rela.dtors
 *(.rela.dtors)

.rel.got
 *(.rel.got)

.rela.got
 *(.rela.got)

.rel.bss
 *(.rel.bss)

.rela.bss
 *(.rela.bss)

.rel.plt
 *(.rel.plt)

.rela.plt
 *(.rela.plt)

.text           0x00000000     0x365e
 *(.vectors)
 .vectors       0x00000000       0x54 y:/eng ahmed/embedded system nti/tools/imt_sdk_win_64/winavr/bin/../lib/gcc/avr/4.3.3/../../../../avr/lib/avr5/crtm32.o
                0x00000000                __vectors
                0x00000000                __vector_default
 *(.vectors)
 *(.progmem.gcc*)
 *(.progmem*)
                0x00000054                . = ALIGN (0x2)
                0x00000054                __trampolines_start = .
 *(.trampolines)
 .trampolines   0x00000054        0x0 linker stubs
 *(.trampolines*)
                0x00000054                __trampolines_end = .
 *(.jumptables)
 *(.jumptables*)
 *(.lowtext)
 *(.lowtext*)
                0x00000054                __ctors_start = .
 *(.ctors)
                0x00000054                __ctors_end = .
                0x00000054                __dtors_start = .
 *(.dtors)
                0x00000054                __dtors_end = .
 SORT(*)(.ctors)
 SORT(*)(.dtors)
 *(.init0)
 .init0         0x00000054        0x0 y:/eng ahmed/embedded system nti/tools/imt_sdk_win_64/winavr/bin/../lib/gcc/avr/4.3.3/../../../../avr/lib/avr5/crtm32.o
                0x00000054                __init
 *(.init0)
 *(.init1)
 *(.init1)
 *(.init2)
 .init2         0x00000054        0xc y:/eng ahmed/embedded system nti/tools/imt_sdk_win_64/winavr/bin/../lib/gcc/avr/4.3.3/../../../../avr/lib/avr5/crtm32.o
 *(.init2)
 *(.init3)
 *(.init3)
 *(.init4)
 .init4         0x00000060       0x16 y:/eng ahmed/embedded system nti/tools/imt_sdk_win_64/winavr/bin/../lib/gcc/avr/4.3.3/avr5\libgcc.a(_copy_data.o)
                0x00000060                __do_copy_data
 .init4         0x00000076       0x10 y:/eng ahmed/embedded system nti/tools/imt_sdk_win_64/winavr/bin/../lib/gcc/avr/4.3.3/avr5\libgcc.a(_clear_bss.o)
                0x00000076                __do_clear_bss
 *(.init4)
 *(.init5)
 *(.init5)
 *(.init6)
 *(.init6)
 *(.init7)
 *(.init7)
 *(.init8)
 *(.init8)
 *(.init9)
 .init9         0x00000086        0x8 y:/eng ahmed/embedded system nti/tools/imt_sdk_win_64/winavr/bin/../lib/gcc/avr/4.3.3/../../../../avr/lib/avr5/crtm32.o
 *(.init9)
 *(.text)
 .text          0x0000008e        0x4 y:/eng ahmed/embedded system nti/tools/imt_sdk_win_64/winavr/bin/../lib/gcc/avr/4.3.3/../../../../avr/lib/avr5/crtm32.o
                0x0000008e                __vector_12
                0x0000008e                __bad_interrupt
                0x0000008e                __vector_6
                0x0000008e                __vector_13
                0x0000008e                __vector_17
                0x0000008e                __vector_19
                0x0000008e                __vector_7
                0x0000008e                __vector_5
                0x0000008e                __vector_4
                0x0000008e                __vector_9
                0x0000008e                __vector_15
                0x0000008e                __vector_8
                0x0000008e                __vector_14
                0x0000008e                __vector_10
                0x0000008e                __vector_16
                0x0000008e                __vector_18
                0x0000008e                __vector_20
 .text          0x00000092        0x0 ./MCAL/UART/Source/UART_program.o
 .text          0x00000092        0x0 ./MCAL/TIMER/Source/TIMER.o
 .text          0x00000092        0x0 ./MCAL/SPI/Source/SPI_program.o
 .text          0x00000092        0x0 ./MCAL/PORT/Source/PORT_program.o
 .text          0x00000092        0x0 ./MCAL/GIE/Source/GIE_program.o
 .text          0x00000092        0x0 ./MCAL/EXTI/Source/EXTI_program.o
 .text          0x00000092        0x0 ./MCAL/DIO/Source/DIO_program.o
 .text          0x00000092        0x0 ./MCAL/ADC/Source/ADC.o
 .text          0x00000092        0x0 ./HAL/LCD/Source/LCD_program.o
 .text          0x00000092        0x0 ./APP/main.o
 .text          0x00000092        0x0 y:/eng ahmed/embedded system nti/tools/imt_sdk_win_64/winavr/bin/../lib/gcc/avr/4.3.3/avr5\libgcc.a(_mulsi3.o)
 .text          0x00000092        0x0 y:/eng ahmed/embedded system nti/tools/imt_sdk_win_64/winavr/bin/../lib/gcc/avr/4.3.3/avr5\libgcc.a(_udivmodhi4.o)
 .text          0x00000092        0x0 y:/eng ahmed/embedded system nti/tools/imt_sdk_win_64/winavr/bin/../lib/gcc/avr/4.3.3/avr5\libgcc.a(_divmodsi4.o)
 .text          0x00000092        0x0 y:/eng ahmed/embedded system nti/tools/imt_sdk_win_64/winavr/bin/../lib/gcc/avr/4.3.3/avr5\libgcc.a(_exit.o)
 .text          0x00000092        0x0 y:/eng ahmed/embedded system nti/tools/imt_sdk_win_64/winavr/bin/../lib/gcc/avr/4.3.3/avr5\libgcc.a(_copy_data.o)
 .text          0x00000092        0x0 y:/eng ahmed/embedded system nti/tools/imt_sdk_win_64/winavr/bin/../lib/gcc/avr/4.3.3/avr5\libgcc.a(_clear_bss.o)
 .text          0x00000092       0x58 y:/eng ahmed/embedded system nti/tools/imt_sdk_win_64/winavr/bin/../lib/gcc/avr/4.3.3/avr5\libgcc.a(_fixunssfsi.o)
                0x00000092                __fixunssfsi
 .text          0x000000ea      0x354 y:/eng ahmed/embedded system nti/tools/imt_sdk_win_64/winavr/bin/../lib/gcc/avr/4.3.3/avr5\libgcc.a(_addsub_sf.o)
                0x00000382                __subsf3
                0x000003e4                __addsf3
 .text          0x0000043e      0x1f4 y:/eng ahmed/embedded system nti/tools/imt_sdk_win_64/winavr/bin/../lib/gcc/avr/4.3.3/avr5\libgcc.a(_mul_sf.o)
                0x0000043e                __mulsf3
 .text          0x00000632       0x60 y:/eng ahmed/embedded system nti/tools/imt_sdk_win_64/winavr/bin/../lib/gcc/avr/4.3.3/avr5\libgcc.a(_gt_sf.o)
                0x00000632                __gtsf2
 .text          0x00000692       0x60 y:/eng ahmed/embedded system nti/tools/imt_sdk_win_64/winavr/bin/../lib/gcc/avr/4.3.3/avr5\libgcc.a(_ge_sf.o)
                0x00000692                __gesf2
 .text          0x000006f2       0x60 y:/eng ahmed/embedded system nti/tools/imt_sdk_win_64/winavr/bin/../lib/gcc/avr/4.3.3/avr5\libgcc.a(_lt_sf.o)
                0x000006f2                __ltsf2
 .text          0x00000752       0xa8 y:/eng ahmed/embedded system nti/tools/imt_sdk_win_64/winavr/bin/../lib/gcc/avr/4.3.3/avr5\libgcc.a(_sf_to_si.o)
                0x00000752                __fixsfsi
 .text          0x000007fa        0x0 y:/eng ahmed/embedded system nti/tools/imt_sdk_win_64/winavr/bin/../lib/gcc/avr/4.3.3/avr5\libgcc.a(_thenan_sf.o)
 .text          0x000007fa        0x0 y:/eng ahmed/embedded system nti/tools/imt_sdk_win_64/winavr/bin/../lib/gcc/avr/4.3.3/avr5\libgcc.a(_udivmodsi4.o)
 .text          0x000007fa        0x0 y:/eng ahmed/embedded system nti/tools/imt_sdk_win_64/winavr/bin/../lib/gcc/avr/4.3.3/avr5\libgcc.a(_prologue.o)
 .text          0x000007fa        0x0 y:/eng ahmed/embedded system nti/tools/imt_sdk_win_64/winavr/bin/../lib/gcc/avr/4.3.3/avr5\libgcc.a(_epilogue.o)
 .text          0x000007fa      0x1aa y:/eng ahmed/embedded system nti/tools/imt_sdk_win_64/winavr/bin/../lib/gcc/avr/4.3.3/avr5\libgcc.a(_pack_sf.o)
                0x000007fa                __pack_f
 .text          0x000009a4       0xf0 y:/eng ahmed/embedded system nti/tools/imt_sdk_win_64/winavr/bin/../lib/gcc/avr/4.3.3/avr5\libgcc.a(_unpack_sf.o)
                0x000009a4                __unpack_f
 .text          0x00000a94       0xb2 y:/eng ahmed/embedded system nti/tools/imt_sdk_win_64/winavr/bin/../lib/gcc/avr/4.3.3/avr5\libgcc.a(_fpcmp_parts_sf.o)
                0x00000a94                __fpcmp_parts_f
                0x00000b46                . = ALIGN (0x2)
 *(.text.*)
 .text.UART_voidInit
                0x00000b46       0xac ./MCAL/UART/Source/UART_program.o
                0x00000b46                UART_voidInit
 .text.UART_UARTEnumSendData
                0x00000bf2       0x3a ./MCAL/UART/Source/UART_program.o
                0x00000bf2                UART_UARTEnumSendData
 .text.UART_UARTEnumReceiveData
                0x00000c2c       0x46 ./MCAL/UART/Source/UART_program.o
                0x00000c2c                UART_UARTEnumReceiveData
 .text.UART_UARTEnumSendString
                0x00000c72       0x9a ./MCAL/UART/Source/UART_program.o
                0x00000c72                UART_UARTEnumSendString
 .text.UART_UARTEnumReceiveString
                0x00000d0c       0x6c ./MCAL/UART/Source/UART_program.o
                0x00000d0c                UART_UARTEnumReceiveString
 .text.Timer_Normalvoidinit
                0x00000d78       0x1e ./MCAL/TIMER/Source/TIMER.o
                0x00000d78                Timer_Normalvoidinit
 .text.Timer_FASTPWMvoidinit
                0x00000d96       0x1e ./MCAL/TIMER/Source/TIMER.o
                0x00000d96                Timer_FASTPWMvoidinit
 .text.Timer_PhaseCorrectPWMvoidinit
                0x00000db4       0x1e ./MCAL/TIMER/Source/TIMER.o
                0x00000db4                Timer_PhaseCorrectPWMvoidinit
 .text.Timer_voidsetPWM
                0x00000dd2       0x1c ./MCAL/TIMER/Source/TIMER.o
                0x00000dd2                Timer_voidsetPWM
 .text.Timer_getTimer1countervalue
                0x00000dee       0x2a ./MCAL/TIMER/Source/TIMER.o
                0x00000dee                Timer_getTimer1countervalue
 .text.Timer_getPWMonperiod
                0x00000e18       0x14 ./MCAL/TIMER/Source/TIMER.o
                0x00000e18                Timer_getPWMonperiod
 .text.Timer_getPWMdutycycle
                0x00000e2c       0x5a ./MCAL/TIMER/Source/TIMER.o
                0x00000e2c                Timer_getPWMdutycycle
 .text.__vector_11
                0x00000e86       0x66 ./MCAL/TIMER/Source/TIMER.o
                0x00000e86                __vector_11
 .text.SPI_voidMasterInit
                0x00000eec       0x70 ./MCAL/SPI/Source/SPI_program.o
                0x00000eec                SPI_voidMasterInit
 .text.SPI_voidSlaveInit
                0x00000f5c       0x54 ./MCAL/SPI/Source/SPI_program.o
                0x00000f5c                SPI_voidSlaveInit
 .text.SPI_SPIEnumSendReceiveData
                0x00000fb0       0x72 ./MCAL/SPI/Source/SPI_program.o
                0x00000fb0                SPI_SPIEnumSendReceiveData
 .text.SPI_SPIEnumSendData
                0x00001022       0x4e ./MCAL/SPI/Source/SPI_program.o
                0x00001022                SPI_SPIEnumSendData
 .text.SPI_SPIEnumReceiveData
                0x00001070       0x66 ./MCAL/SPI/Source/SPI_program.o
                0x00001070                SPI_SPIEnumReceiveData
 .text.SPI_SPIEnumSendReceiveString
                0x000010d6       0xc2 ./MCAL/SPI/Source/SPI_program.o
                0x000010d6                SPI_SPIEnumSendReceiveString
 .text.SPI_SPIEnumSendString
                0x00001198       0x96 ./MCAL/SPI/Source/SPI_program.o
                0x00001198                SPI_SPIEnumSendString
 .text.SPI_SPIEnumReceiveString
                0x0000122e       0x8e ./MCAL/SPI/Source/SPI_program.o
                0x0000122e                SPI_SPIEnumReceiveString
 .text.PORT_voidInit
                0x000012bc       0x4c ./MCAL/PORT/Source/PORT_program.o
                0x000012bc                PORT_voidInit
 .text.PORT_PortEnumSetPinDirection
                0x00001308      0x246 ./MCAL/PORT/Source/PORT_program.o
                0x00001308                PORT_PortEnumSetPinDirection
 .text.PORT_PortEnumSetPinMode
                0x0000154e      0x41a ./MCAL/PORT/Source/PORT_program.o
                0x0000154e                PORT_PortEnumSetPinMode
 .text.GIE_voidInt
                0x00001968       0x56 ./MCAL/GIE/Source/GIE_program.o
                0x00001968                GIE_voidInt
 .text.EXTI_EXTIEnumEnable
                0x000019be      0x248 ./MCAL/EXTI/Source/EXTI_program.o
                0x000019be                EXTI_EXTIEnumEnable
 .text.EXTI_EXTIEnumDisable
                0x00001c06       0x82 ./MCAL/EXTI/Source/EXTI_program.o
                0x00001c06                EXTI_EXTIEnumDisable
 .text.EXTI_EXTIEnumSetCallback
                0x00001c88       0x52 ./MCAL/EXTI/Source/EXTI_program.o
                0x00001c88                EXTI_EXTIEnumSetCallback
 .text.__vector_1
                0x00001cda       0x66 ./MCAL/EXTI/Source/EXTI_program.o
                0x00001cda                __vector_1
 .text.__vector_2
                0x00001d40       0x66 ./MCAL/EXTI/Source/EXTI_program.o
                0x00001d40                __vector_2
 .text.__vector_3
                0x00001da6       0x66 ./MCAL/EXTI/Source/EXTI_program.o
                0x00001da6                __vector_3
 .text.DIO_DioEnumWriteChannel
                0x00001e0c      0x246 ./MCAL/DIO/Source/DIO_program.o
                0x00001e0c                DIO_DioEnumWriteChannel
 .text.DIO_DioEnumReadChannel
                0x00002052      0x17e ./MCAL/DIO/Source/DIO_program.o
                0x00002052                DIO_DioEnumReadChannel
 .text.DIO_DioEnumWritePort
                0x000021d0       0x98 ./MCAL/DIO/Source/DIO_program.o
                0x000021d0                DIO_DioEnumWritePort
 .text.DIO_DioEnumReadPort
                0x00002268       0xb6 ./MCAL/DIO/Source/DIO_program.o
                0x00002268                DIO_DioEnumReadPort
 .text.DIO_DioEnumFlibChannel
                0x0000231e      0x11a ./MCAL/DIO/Source/DIO_program.o
                0x0000231e                DIO_DioEnumFlibChannel
 .text.ADC_init
                0x00002438       0xb2 ./MCAL/ADC/Source/ADC.o
                0x00002438                ADC_init
 .text.ADC_Read
                0x000024ea       0x58 ./MCAL/ADC/Source/ADC.o
                0x000024ea                ADC_Read
 .text.ADC_disable
                0x00002542       0x14 ./MCAL/ADC/Source/ADC.o
                0x00002542                ADC_disable
 .text.LCD_voidInit
                0x00002556      0x3d4 ./HAL/LCD/Source/LCD_program.o
                0x00002556                LCD_voidInit
 .text.LCD_voidSendCommand
                0x0000292a      0x2ce ./HAL/LCD/Source/LCD_program.o
                0x0000292a                LCD_voidSendCommand
 .text.LCD_voidDisplayCharacter
                0x00002bf8      0x2ce ./HAL/LCD/Source/LCD_program.o
                0x00002bf8                LCD_voidDisplayCharacter
 .text.LCD_voidCreateCustomCharacter
                0x00002ec6       0x80 ./HAL/LCD/Source/LCD_program.o
                0x00002ec6                LCD_voidCreateCustomCharacter
 .text.LCD_voidGoToXY
                0x00002f46       0x24 ./HAL/LCD/Source/LCD_program.o
                0x00002f46                LCD_voidGoToXY
 .text.LCD_u8DisplayString
                0x00002f6a       0x66 ./HAL/LCD/Source/LCD_program.o
                0x00002f6a                LCD_u8DisplayString
 .text.LCD_voidDisplayNumber
                0x00002fd0      0x202 ./HAL/LCD/Source/LCD_program.o
                0x00002fd0                LCD_voidDisplayNumber
 .text.LCD_voidDisplayClear
                0x000031d2       0x14 ./HAL/LCD/Source/LCD_program.o
                0x000031d2                LCD_voidDisplayClear
 .text.main     0x000031e6      0x108 ./APP/main.o
                0x000031e6                main
 .text.fan_crtl
                0x000032ee      0x13a ./APP/main.o
                0x000032ee                fan_crtl
 .text.Receive_from_Master_MC
                0x00003428       0xe4 ./APP/main.o
                0x00003428                Receive_from_Master_MC
 .text.libgcc   0x0000350c       0x3e y:/eng ahmed/embedded system nti/tools/imt_sdk_win_64/winavr/bin/../lib/gcc/avr/4.3.3/avr5\libgcc.a(_mulsi3.o)
                0x0000350c                __mulsi3
 .text.libgcc   0x0000354a       0x28 y:/eng ahmed/embedded system nti/tools/imt_sdk_win_64/winavr/bin/../lib/gcc/avr/4.3.3/avr5\libgcc.a(_udivmodhi4.o)
                0x0000354a                __udivmodhi4
 .text.libgcc   0x00003572       0x36 y:/eng ahmed/embedded system nti/tools/imt_sdk_win_64/winavr/bin/../lib/gcc/avr/4.3.3/avr5\libgcc.a(_divmodsi4.o)
                0x00003572                __divmodsi4
 .text.libgcc   0x000035a8        0x0 y:/eng ahmed/embedded system nti/tools/imt_sdk_win_64/winavr/bin/../lib/gcc/avr/4.3.3/avr5\libgcc.a(_exit.o)
 .text.libgcc   0x000035a8        0x0 y:/eng ahmed/embedded system nti/tools/imt_sdk_win_64/winavr/bin/../lib/gcc/avr/4.3.3/avr5\libgcc.a(_copy_data.o)
 .text.libgcc   0x000035a8        0x0 y:/eng ahmed/embedded system nti/tools/imt_sdk_win_64/winavr/bin/../lib/gcc/avr/4.3.3/avr5\libgcc.a(_clear_bss.o)
 .text.libgcc   0x000035a8       0x44 y:/eng ahmed/embedded system nti/tools/imt_sdk_win_64/winavr/bin/../lib/gcc/avr/4.3.3/avr5\libgcc.a(_udivmodsi4.o)
                0x000035a8                __udivmodsi4
 .text.libgcc   0x000035ec       0x38 y:/eng ahmed/embedded system nti/tools/imt_sdk_win_64/winavr/bin/../lib/gcc/avr/4.3.3/avr5\libgcc.a(_prologue.o)
                0x000035ec                __prologue_saves__
 .text.libgcc   0x00003624       0x36 y:/eng ahmed/embedded system nti/tools/imt_sdk_win_64/winavr/bin/../lib/gcc/avr/4.3.3/avr5\libgcc.a(_epilogue.o)
                0x00003624                __epilogue_restores__
                0x0000365a                . = ALIGN (0x2)
 *(.fini9)
 .fini9         0x0000365a        0x0 y:/eng ahmed/embedded system nti/tools/imt_sdk_win_64/winavr/bin/../lib/gcc/avr/4.3.3/avr5\libgcc.a(_exit.o)
                0x0000365a                exit
                0x0000365a                _exit
 *(.fini9)
 *(.fini8)
 *(.fini8)
 *(.fini7)
 *(.fini7)
 *(.fini6)
 *(.fini6)
 *(.fini5)
 *(.fini5)
 *(.fini4)
 *(.fini4)
 *(.fini3)
 *(.fini3)
 *(.fini2)
 *(.fini2)
 *(.fini1)
 *(.fini1)
 *(.fini0)
 .fini0         0x0000365a        0x4 y:/eng ahmed/embedded system nti/tools/imt_sdk_win_64/winavr/bin/../lib/gcc/avr/4.3.3/avr5\libgcc.a(_exit.o)
 *(.fini0)
                0x0000365e                _etext = .

.data           0x00800060       0x3c load address 0x0000365e
                0x00800060                PROVIDE (__data_start, .)
 *(.data)
 .data          0x00800060        0x0 y:/eng ahmed/embedded system nti/tools/imt_sdk_win_64/winavr/bin/../lib/gcc/avr/4.3.3/../../../../avr/lib/avr5/crtm32.o
 .data          0x00800060        0x0 ./MCAL/UART/Source/UART_program.o
 .data          0x00800060        0x0 ./MCAL/TIMER/Source/TIMER.o
 .data          0x00800060        0x0 ./MCAL/SPI/Source/SPI_program.o
 .data          0x00800060        0x0 ./MCAL/PORT/Source/PORT_program.o
 .data          0x00800060        0x0 ./MCAL/GIE/Source/GIE_program.o
 .data          0x00800060        0x0 ./MCAL/EXTI/Source/EXTI_program.o
 .data          0x00800060        0x0 ./MCAL/DIO/Source/DIO_program.o
 .data          0x00800060        0x0 ./MCAL/ADC/Source/ADC.o
 .data          0x00800060        0x0 ./HAL/LCD/Source/LCD_program.o
 .data          0x00800060       0x33 ./APP/main.o
 .data          0x00800093        0x0 y:/eng ahmed/embedded system nti/tools/imt_sdk_win_64/winavr/bin/../lib/gcc/avr/4.3.3/avr5\libgcc.a(_mulsi3.o)
 .data          0x00800093        0x0 y:/eng ahmed/embedded system nti/tools/imt_sdk_win_64/winavr/bin/../lib/gcc/avr/4.3.3/avr5\libgcc.a(_udivmodhi4.o)
 .data          0x00800093        0x0 y:/eng ahmed/embedded system nti/tools/imt_sdk_win_64/winavr/bin/../lib/gcc/avr/4.3.3/avr5\libgcc.a(_divmodsi4.o)
 .data          0x00800093        0x0 y:/eng ahmed/embedded system nti/tools/imt_sdk_win_64/winavr/bin/../lib/gcc/avr/4.3.3/avr5\libgcc.a(_exit.o)
 .data          0x00800093        0x0 y:/eng ahmed/embedded system nti/tools/imt_sdk_win_64/winavr/bin/../lib/gcc/avr/4.3.3/avr5\libgcc.a(_copy_data.o)
 .data          0x00800093        0x0 y:/eng ahmed/embedded system nti/tools/imt_sdk_win_64/winavr/bin/../lib/gcc/avr/4.3.3/avr5\libgcc.a(_clear_bss.o)
 .data          0x00800093        0x0 y:/eng ahmed/embedded system nti/tools/imt_sdk_win_64/winavr/bin/../lib/gcc/avr/4.3.3/avr5\libgcc.a(_fixunssfsi.o)
 .data          0x00800093        0x0 y:/eng ahmed/embedded system nti/tools/imt_sdk_win_64/winavr/bin/../lib/gcc/avr/4.3.3/avr5\libgcc.a(_addsub_sf.o)
 .data          0x00800093        0x0 y:/eng ahmed/embedded system nti/tools/imt_sdk_win_64/winavr/bin/../lib/gcc/avr/4.3.3/avr5\libgcc.a(_mul_sf.o)
 .data          0x00800093        0x0 y:/eng ahmed/embedded system nti/tools/imt_sdk_win_64/winavr/bin/../lib/gcc/avr/4.3.3/avr5\libgcc.a(_gt_sf.o)
 .data          0x00800093        0x0 y:/eng ahmed/embedded system nti/tools/imt_sdk_win_64/winavr/bin/../lib/gcc/avr/4.3.3/avr5\libgcc.a(_ge_sf.o)
 .data          0x00800093        0x0 y:/eng ahmed/embedded system nti/tools/imt_sdk_win_64/winavr/bin/../lib/gcc/avr/4.3.3/avr5\libgcc.a(_lt_sf.o)
 .data          0x00800093        0x0 y:/eng ahmed/embedded system nti/tools/imt_sdk_win_64/winavr/bin/../lib/gcc/avr/4.3.3/avr5\libgcc.a(_sf_to_si.o)
 .data          0x00800093        0x8 y:/eng ahmed/embedded system nti/tools/imt_sdk_win_64/winavr/bin/../lib/gcc/avr/4.3.3/avr5\libgcc.a(_thenan_sf.o)
                0x00800093                __thenan_sf
 .data          0x0080009b        0x0 y:/eng ahmed/embedded system nti/tools/imt_sdk_win_64/winavr/bin/../lib/gcc/avr/4.3.3/avr5\libgcc.a(_udivmodsi4.o)
 .data          0x0080009b        0x0 y:/eng ahmed/embedded system nti/tools/imt_sdk_win_64/winavr/bin/../lib/gcc/avr/4.3.3/avr5\libgcc.a(_prologue.o)
 .data          0x0080009b        0x0 y:/eng ahmed/embedded system nti/tools/imt_sdk_win_64/winavr/bin/../lib/gcc/avr/4.3.3/avr5\libgcc.a(_epilogue.o)
 .data          0x0080009b        0x0 y:/eng ahmed/embedded system nti/tools/imt_sdk_win_64/winavr/bin/../lib/gcc/avr/4.3.3/avr5\libgcc.a(_pack_sf.o)
 .data          0x0080009b        0x0 y:/eng ahmed/embedded system nti/tools/imt_sdk_win_64/winavr/bin/../lib/gcc/avr/4.3.3/avr5\libgcc.a(_unpack_sf.o)
 .data          0x0080009b        0x0 y:/eng ahmed/embedded system nti/tools/imt_sdk_win_64/winavr/bin/../lib/gcc/avr/4.3.3/avr5\libgcc.a(_fpcmp_parts_sf.o)
 *(.data*)
 *(.rodata)
 *(.rodata*)
 *(.gnu.linkonce.d*)
                0x0080009c                . = ALIGN (0x2)
 *fill*         0x0080009b        0x1 00
                0x0080009c                _edata = .
                0x0080009c                PROVIDE (__data_end, .)

.bss            0x0080009c        0xc
                0x0080009c                PROVIDE (__bss_start, .)
 *(.bss)
 .bss           0x0080009c        0x0 y:/eng ahmed/embedded system nti/tools/imt_sdk_win_64/winavr/bin/../lib/gcc/avr/4.3.3/../../../../avr/lib/avr5/crtm32.o
 .bss           0x0080009c        0x0 ./MCAL/UART/Source/UART_program.o
 .bss           0x0080009c        0x0 ./MCAL/TIMER/Source/TIMER.o
 .bss           0x0080009c        0x0 ./MCAL/SPI/Source/SPI_program.o
 .bss           0x0080009c        0x0 ./MCAL/PORT/Source/PORT_program.o
 .bss           0x0080009c        0x0 ./MCAL/GIE/Source/GIE_program.o
 .bss           0x0080009c        0x0 ./MCAL/EXTI/Source/EXTI_program.o
 .bss           0x0080009c        0x0 ./MCAL/DIO/Source/DIO_program.o
 .bss           0x0080009c        0x0 ./MCAL/ADC/Source/ADC.o
 .bss           0x0080009c        0x0 ./HAL/LCD/Source/LCD_program.o
 .bss           0x0080009c        0x0 ./APP/main.o
 .bss           0x0080009c        0x0 y:/eng ahmed/embedded system nti/tools/imt_sdk_win_64/winavr/bin/../lib/gcc/avr/4.3.3/avr5\libgcc.a(_mulsi3.o)
 .bss           0x0080009c        0x0 y:/eng ahmed/embedded system nti/tools/imt_sdk_win_64/winavr/bin/../lib/gcc/avr/4.3.3/avr5\libgcc.a(_udivmodhi4.o)
 .bss           0x0080009c        0x0 y:/eng ahmed/embedded system nti/tools/imt_sdk_win_64/winavr/bin/../lib/gcc/avr/4.3.3/avr5\libgcc.a(_divmodsi4.o)
 .bss           0x0080009c        0x0 y:/eng ahmed/embedded system nti/tools/imt_sdk_win_64/winavr/bin/../lib/gcc/avr/4.3.3/avr5\libgcc.a(_exit.o)
 .bss           0x0080009c        0x0 y:/eng ahmed/embedded system nti/tools/imt_sdk_win_64/winavr/bin/../lib/gcc/avr/4.3.3/avr5\libgcc.a(_copy_data.o)
 .bss           0x0080009c        0x0 y:/eng ahmed/embedded system nti/tools/imt_sdk_win_64/winavr/bin/../lib/gcc/avr/4.3.3/avr5\libgcc.a(_clear_bss.o)
 .bss           0x0080009c        0x0 y:/eng ahmed/embedded system nti/tools/imt_sdk_win_64/winavr/bin/../lib/gcc/avr/4.3.3/avr5\libgcc.a(_fixunssfsi.o)
 .bss           0x0080009c        0x0 y:/eng ahmed/embedded system nti/tools/imt_sdk_win_64/winavr/bin/../lib/gcc/avr/4.3.3/avr5\libgcc.a(_addsub_sf.o)
 .bss           0x0080009c        0x0 y:/eng ahmed/embedded system nti/tools/imt_sdk_win_64/winavr/bin/../lib/gcc/avr/4.3.3/avr5\libgcc.a(_mul_sf.o)
 .bss           0x0080009c        0x0 y:/eng ahmed/embedded system nti/tools/imt_sdk_win_64/winavr/bin/../lib/gcc/avr/4.3.3/avr5\libgcc.a(_gt_sf.o)
 .bss           0x0080009c        0x0 y:/eng ahmed/embedded system nti/tools/imt_sdk_win_64/winavr/bin/../lib/gcc/avr/4.3.3/avr5\libgcc.a(_ge_sf.o)
 .bss           0x0080009c        0x0 y:/eng ahmed/embedded system nti/tools/imt_sdk_win_64/winavr/bin/../lib/gcc/avr/4.3.3/avr5\libgcc.a(_lt_sf.o)
 .bss           0x0080009c        0x0 y:/eng ahmed/embedded system nti/tools/imt_sdk_win_64/winavr/bin/../lib/gcc/avr/4.3.3/avr5\libgcc.a(_sf_to_si.o)
 .bss           0x0080009c        0x0 y:/eng ahmed/embedded system nti/tools/imt_sdk_win_64/winavr/bin/../lib/gcc/avr/4.3.3/avr5\libgcc.a(_thenan_sf.o)
 .bss           0x0080009c        0x0 y:/eng ahmed/embedded system nti/tools/imt_sdk_win_64/winavr/bin/../lib/gcc/avr/4.3.3/avr5\libgcc.a(_udivmodsi4.o)
 .bss           0x0080009c        0x0 y:/eng ahmed/embedded system nti/tools/imt_sdk_win_64/winavr/bin/../lib/gcc/avr/4.3.3/avr5\libgcc.a(_prologue.o)
 .bss           0x0080009c        0x0 y:/eng ahmed/embedded system nti/tools/imt_sdk_win_64/winavr/bin/../lib/gcc/avr/4.3.3/avr5\libgcc.a(_epilogue.o)
 .bss           0x0080009c        0x0 y:/eng ahmed/embedded system nti/tools/imt_sdk_win_64/winavr/bin/../lib/gcc/avr/4.3.3/avr5\libgcc.a(_pack_sf.o)
 .bss           0x0080009c        0x0 y:/eng ahmed/embedded system nti/tools/imt_sdk_win_64/winavr/bin/../lib/gcc/avr/4.3.3/avr5\libgcc.a(_unpack_sf.o)
 .bss           0x0080009c        0x0 y:/eng ahmed/embedded system nti/tools/imt_sdk_win_64/winavr/bin/../lib/gcc/avr/4.3.3/avr5\libgcc.a(_fpcmp_parts_sf.o)
 *(.bss*)
 .bss.TIMER0_OV_Fptr
                0x0080009c        0x2 ./MCAL/TIMER/Source/TIMER.o
 .bss.EXTI_Apf  0x0080009e        0x6 ./MCAL/EXTI/Source/EXTI_program.o
 *(COMMON)
 COMMON         0x008000a4        0x4 ./APP/main.o
                0x008000a4                Temperature_u16Value
                0x008000a6                Receive_u8Data
                0x008000a7                Fan_u16Speed
                0x008000a8                PROVIDE (__bss_end, .)
                0x0000365e                __data_load_start = LOADADDR (.data)
                0x0000369a                __data_load_end = (__data_load_start + SIZEOF (.data))

.noinit         0x008000a8        0x0
                0x008000a8                PROVIDE (__noinit_start, .)
 *(.noinit*)
                0x008000a8                PROVIDE (__noinit_end, .)
                0x008000a8                _end = .
                0x008000a8                PROVIDE (__heap_start, .)

.eeprom         0x00810000        0x0
 *(.eeprom*)
                0x00810000                __eeprom_end = .

.fuse
 *(.fuse)
 *(.lfuse)
 *(.hfuse)
 *(.efuse)

.lock
 *(.lock*)

.signature
 *(.signature*)

.stab           0x00000000     0x3ccc
 *(.stab)
 .stab          0x00000000      0x5a0 ./MCAL/UART/Source/UART_program.o
 .stab          0x000005a0      0x3f0 ./MCAL/TIMER/Source/TIMER.o
                                0x3fc (size before relaxing)
 .stab          0x00000990      0x7bc ./MCAL/SPI/Source/SPI_program.o
                                0x7c8 (size before relaxing)
 .stab          0x0000114c      0x504 ./MCAL/PORT/Source/PORT_program.o
                                0x510 (size before relaxing)
 .stab          0x00001650      0x1d4 ./MCAL/GIE/Source/GIE_program.o
                                0x1e0 (size before relaxing)
 .stab          0x00001824      0x588 ./MCAL/EXTI/Source/EXTI_program.o
                                0x594 (size before relaxing)
 .stab          0x00001dac      0x6c0 ./MCAL/DIO/Source/DIO_program.o
                                0x6cc (size before relaxing)
 .stab          0x0000246c      0x318 ./MCAL/ADC/Source/ADC.o
                                0x324 (size before relaxing)
 .stab          0x00002784      0xea0 ./HAL/LCD/Source/LCD_program.o
                                0xeac (size before relaxing)
 .stab          0x00003624      0x6a8 ./APP/main.o
                                0x840 (size before relaxing)

.stabstr        0x00000000     0x2065
 *(.stabstr)
 .stabstr       0x00000000     0x2065 ./MCAL/UART/Source/UART_program.o

.stab.excl
 *(.stab.excl)

.stab.exclstr
 *(.stab.exclstr)

.stab.index
 *(.stab.index)

.stab.indexstr
 *(.stab.indexstr)

.comment
 *(.comment)

.debug
 *(.debug)

.line
 *(.line)

.debug_srcinfo
 *(.debug_srcinfo)

.debug_sfnames
 *(.debug_sfnames)

.debug_aranges  0x00000000      0x140
 *(.debug_aranges)
 .debug_aranges
                0x00000000       0x20 y:/eng ahmed/embedded system nti/tools/imt_sdk_win_64/winavr/bin/../lib/gcc/avr/4.3.3/avr5\libgcc.a(_fixunssfsi.o)
 .debug_aranges
                0x00000020       0x20 y:/eng ahmed/embedded system nti/tools/imt_sdk_win_64/winavr/bin/../lib/gcc/avr/4.3.3/avr5\libgcc.a(_addsub_sf.o)
 .debug_aranges
                0x00000040       0x20 y:/eng ahmed/embedded system nti/tools/imt_sdk_win_64/winavr/bin/../lib/gcc/avr/4.3.3/avr5\libgcc.a(_mul_sf.o)
 .debug_aranges
                0x00000060       0x20 y:/eng ahmed/embedded system nti/tools/imt_sdk_win_64/winavr/bin/../lib/gcc/avr/4.3.3/avr5\libgcc.a(_gt_sf.o)
 .debug_aranges
                0x00000080       0x20 y:/eng ahmed/embedded system nti/tools/imt_sdk_win_64/winavr/bin/../lib/gcc/avr/4.3.3/avr5\libgcc.a(_ge_sf.o)
 .debug_aranges
                0x000000a0       0x20 y:/eng ahmed/embedded system nti/tools/imt_sdk_win_64/winavr/bin/../lib/gcc/avr/4.3.3/avr5\libgcc.a(_lt_sf.o)
 .debug_aranges
                0x000000c0       0x20 y:/eng ahmed/embedded system nti/tools/imt_sdk_win_64/winavr/bin/../lib/gcc/avr/4.3.3/avr5\libgcc.a(_sf_to_si.o)
 .debug_aranges
                0x000000e0       0x20 y:/eng ahmed/embedded system nti/tools/imt_sdk_win_64/winavr/bin/../lib/gcc/avr/4.3.3/avr5\libgcc.a(_pack_sf.o)
 .debug_aranges
                0x00000100       0x20 y:/eng ahmed/embedded system nti/tools/imt_sdk_win_64/winavr/bin/../lib/gcc/avr/4.3.3/avr5\libgcc.a(_unpack_sf.o)
 .debug_aranges
                0x00000120       0x20 y:/eng ahmed/embedded system nti/tools/imt_sdk_win_64/winavr/bin/../lib/gcc/avr/4.3.3/avr5\libgcc.a(_fpcmp_parts_sf.o)

.debug_pubnames
                0x00000000      0x170
 *(.debug_pubnames)
 .debug_pubnames
                0x00000000       0x23 y:/eng ahmed/embedded system nti/tools/imt_sdk_win_64/winavr/bin/../lib/gcc/avr/4.3.3/avr5\libgcc.a(_fixunssfsi.o)
 .debug_pubnames
                0x00000023       0x2c y:/eng ahmed/embedded system nti/tools/imt_sdk_win_64/winavr/bin/../lib/gcc/avr/4.3.3/avr5\libgcc.a(_addsub_sf.o)
 .debug_pubnames
                0x0000004f       0x1f y:/eng ahmed/embedded system nti/tools/imt_sdk_win_64/winavr/bin/../lib/gcc/avr/4.3.3/avr5\libgcc.a(_mul_sf.o)
 .debug_pubnames
                0x0000006e       0x1e y:/eng ahmed/embedded system nti/tools/imt_sdk_win_64/winavr/bin/../lib/gcc/avr/4.3.3/avr5\libgcc.a(_gt_sf.o)
 .debug_pubnames
                0x0000008c       0x1e y:/eng ahmed/embedded system nti/tools/imt_sdk_win_64/winavr/bin/../lib/gcc/avr/4.3.3/avr5\libgcc.a(_ge_sf.o)
 .debug_pubnames
                0x000000aa       0x1e y:/eng ahmed/embedded system nti/tools/imt_sdk_win_64/winavr/bin/../lib/gcc/avr/4.3.3/avr5\libgcc.a(_lt_sf.o)
 .debug_pubnames
                0x000000c8       0x20 y:/eng ahmed/embedded system nti/tools/imt_sdk_win_64/winavr/bin/../lib/gcc/avr/4.3.3/avr5\libgcc.a(_sf_to_si.o)
 .debug_pubnames
                0x000000e8       0x22 y:/eng ahmed/embedded system nti/tools/imt_sdk_win_64/winavr/bin/../lib/gcc/avr/4.3.3/avr5\libgcc.a(_thenan_sf.o)
 .debug_pubnames
                0x0000010a       0x1f y:/eng ahmed/embedded system nti/tools/imt_sdk_win_64/winavr/bin/../lib/gcc/avr/4.3.3/avr5\libgcc.a(_pack_sf.o)
 .debug_pubnames
                0x00000129       0x21 y:/eng ahmed/embedded system nti/tools/imt_sdk_win_64/winavr/bin/../lib/gcc/avr/4.3.3/avr5\libgcc.a(_unpack_sf.o)
 .debug_pubnames
                0x0000014a       0x26 y:/eng ahmed/embedded system nti/tools/imt_sdk_win_64/winavr/bin/../lib/gcc/avr/4.3.3/avr5\libgcc.a(_fpcmp_parts_sf.o)

.debug_info     0x00000000     0x1c49
 *(.debug_info)
 .debug_info    0x00000000       0xb1 y:/eng ahmed/embedded system nti/tools/imt_sdk_win_64/winavr/bin/../lib/gcc/avr/4.3.3/avr5\libgcc.a(_fixunssfsi.o)
 .debug_info    0x000000b1      0x47a y:/eng ahmed/embedded system nti/tools/imt_sdk_win_64/winavr/bin/../lib/gcc/avr/4.3.3/avr5\libgcc.a(_addsub_sf.o)
 .debug_info    0x0000052b      0x485 y:/eng ahmed/embedded system nti/tools/imt_sdk_win_64/winavr/bin/../lib/gcc/avr/4.3.3/avr5\libgcc.a(_mul_sf.o)
 .debug_info    0x000009b0      0x27f y:/eng ahmed/embedded system nti/tools/imt_sdk_win_64/winavr/bin/../lib/gcc/avr/4.3.3/avr5\libgcc.a(_gt_sf.o)
 .debug_info    0x00000c2f      0x27f y:/eng ahmed/embedded system nti/tools/imt_sdk_win_64/winavr/bin/../lib/gcc/avr/4.3.3/avr5\libgcc.a(_ge_sf.o)
 .debug_info    0x00000eae      0x27f y:/eng ahmed/embedded system nti/tools/imt_sdk_win_64/winavr/bin/../lib/gcc/avr/4.3.3/avr5\libgcc.a(_lt_sf.o)
 .debug_info    0x0000112d      0x2b0 y:/eng ahmed/embedded system nti/tools/imt_sdk_win_64/winavr/bin/../lib/gcc/avr/4.3.3/avr5\libgcc.a(_sf_to_si.o)
 .debug_info    0x000013dd      0x12c y:/eng ahmed/embedded system nti/tools/imt_sdk_win_64/winavr/bin/../lib/gcc/avr/4.3.3/avr5\libgcc.a(_thenan_sf.o)
 .debug_info    0x00001509      0x2df y:/eng ahmed/embedded system nti/tools/imt_sdk_win_64/winavr/bin/../lib/gcc/avr/4.3.3/avr5\libgcc.a(_pack_sf.o)
 .debug_info    0x000017e8      0x251 y:/eng ahmed/embedded system nti/tools/imt_sdk_win_64/winavr/bin/../lib/gcc/avr/4.3.3/avr5\libgcc.a(_unpack_sf.o)
 .debug_info    0x00001a39      0x210 y:/eng ahmed/embedded system nti/tools/imt_sdk_win_64/winavr/bin/../lib/gcc/avr/4.3.3/avr5\libgcc.a(_fpcmp_parts_sf.o)
 *(.gnu.linkonce.wi.*)

.debug_abbrev   0x00000000      0xeeb
 *(.debug_abbrev)
 .debug_abbrev  0x00000000       0x5d y:/eng ahmed/embedded system nti/tools/imt_sdk_win_64/winavr/bin/../lib/gcc/avr/4.3.3/avr5\libgcc.a(_fixunssfsi.o)
 .debug_abbrev  0x0000005d      0x1ea y:/eng ahmed/embedded system nti/tools/imt_sdk_win_64/winavr/bin/../lib/gcc/avr/4.3.3/avr5\libgcc.a(_addsub_sf.o)
 .debug_abbrev  0x00000247      0x21b y:/eng ahmed/embedded system nti/tools/imt_sdk_win_64/winavr/bin/../lib/gcc/avr/4.3.3/avr5\libgcc.a(_mul_sf.o)
 .debug_abbrev  0x00000462      0x15a y:/eng ahmed/embedded system nti/tools/imt_sdk_win_64/winavr/bin/../lib/gcc/avr/4.3.3/avr5\libgcc.a(_gt_sf.o)
 .debug_abbrev  0x000005bc      0x15a y:/eng ahmed/embedded system nti/tools/imt_sdk_win_64/winavr/bin/../lib/gcc/avr/4.3.3/avr5\libgcc.a(_ge_sf.o)
 .debug_abbrev  0x00000716      0x15a y:/eng ahmed/embedded system nti/tools/imt_sdk_win_64/winavr/bin/../lib/gcc/avr/4.3.3/avr5\libgcc.a(_lt_sf.o)
 .debug_abbrev  0x00000870      0x17f y:/eng ahmed/embedded system nti/tools/imt_sdk_win_64/winavr/bin/../lib/gcc/avr/4.3.3/avr5\libgcc.a(_sf_to_si.o)
 .debug_abbrev  0x000009ef       0xad y:/eng ahmed/embedded system nti/tools/imt_sdk_win_64/winavr/bin/../lib/gcc/avr/4.3.3/avr5\libgcc.a(_thenan_sf.o)
 .debug_abbrev  0x00000a9c      0x1c0 y:/eng ahmed/embedded system nti/tools/imt_sdk_win_64/winavr/bin/../lib/gcc/avr/4.3.3/avr5\libgcc.a(_pack_sf.o)
 .debug_abbrev  0x00000c5c      0x154 y:/eng ahmed/embedded system nti/tools/imt_sdk_win_64/winavr/bin/../lib/gcc/avr/4.3.3/avr5\libgcc.a(_unpack_sf.o)
 .debug_abbrev  0x00000db0      0x13b y:/eng ahmed/embedded system nti/tools/imt_sdk_win_64/winavr/bin/../lib/gcc/avr/4.3.3/avr5\libgcc.a(_fpcmp_parts_sf.o)

.debug_line     0x00000000      0xdad
 *(.debug_line)
 .debug_line    0x00000000       0xa7 y:/eng ahmed/embedded system nti/tools/imt_sdk_win_64/winavr/bin/../lib/gcc/avr/4.3.3/avr5\libgcc.a(_fixunssfsi.o)
 .debug_line    0x000000a7      0x2af y:/eng ahmed/embedded system nti/tools/imt_sdk_win_64/winavr/bin/../lib/gcc/avr/4.3.3/avr5\libgcc.a(_addsub_sf.o)
 .debug_line    0x00000356      0x239 y:/eng ahmed/embedded system nti/tools/imt_sdk_win_64/winavr/bin/../lib/gcc/avr/4.3.3/avr5\libgcc.a(_mul_sf.o)
 .debug_line    0x0000058f       0xd3 y:/eng ahmed/embedded system nti/tools/imt_sdk_win_64/winavr/bin/../lib/gcc/avr/4.3.3/avr5\libgcc.a(_gt_sf.o)
 .debug_line    0x00000662       0xd3 y:/eng ahmed/embedded system nti/tools/imt_sdk_win_64/winavr/bin/../lib/gcc/avr/4.3.3/avr5\libgcc.a(_ge_sf.o)
 .debug_line    0x00000735       0xd3 y:/eng ahmed/embedded system nti/tools/imt_sdk_win_64/winavr/bin/../lib/gcc/avr/4.3.3/avr5\libgcc.a(_lt_sf.o)
 .debug_line    0x00000808      0x109 y:/eng ahmed/embedded system nti/tools/imt_sdk_win_64/winavr/bin/../lib/gcc/avr/4.3.3/avr5\libgcc.a(_sf_to_si.o)
 .debug_line    0x00000911       0x90 y:/eng ahmed/embedded system nti/tools/imt_sdk_win_64/winavr/bin/../lib/gcc/avr/4.3.3/avr5\libgcc.a(_thenan_sf.o)
 .debug_line    0x000009a1      0x18a y:/eng ahmed/embedded system nti/tools/imt_sdk_win_64/winavr/bin/../lib/gcc/avr/4.3.3/avr5\libgcc.a(_pack_sf.o)
 .debug_line    0x00000b2b      0x14b y:/eng ahmed/embedded system nti/tools/imt_sdk_win_64/winavr/bin/../lib/gcc/avr/4.3.3/avr5\libgcc.a(_unpack_sf.o)
 .debug_line    0x00000c76      0x137 y:/eng ahmed/embedded system nti/tools/imt_sdk_win_64/winavr/bin/../lib/gcc/avr/4.3.3/avr5\libgcc.a(_fpcmp_parts_sf.o)

.debug_frame    0x00000000      0x160
 *(.debug_frame)
 .debug_frame   0x00000000       0x20 y:/eng ahmed/embedded system nti/tools/imt_sdk_win_64/winavr/bin/../lib/gcc/avr/4.3.3/avr5\libgcc.a(_fixunssfsi.o)
 .debug_frame   0x00000020       0x40 y:/eng ahmed/embedded system nti/tools/imt_sdk_win_64/winavr/bin/../lib/gcc/avr/4.3.3/avr5\libgcc.a(_addsub_sf.o)
 .debug_frame   0x00000060       0x20 y:/eng ahmed/embedded system nti/tools/imt_sdk_win_64/winavr/bin/../lib/gcc/avr/4.3.3/avr5\libgcc.a(_mul_sf.o)
 .debug_frame   0x00000080       0x20 y:/eng ahmed/embedded system nti/tools/imt_sdk_win_64/winavr/bin/../lib/gcc/avr/4.3.3/avr5\libgcc.a(_gt_sf.o)
 .debug_frame   0x000000a0       0x20 y:/eng ahmed/embedded system nti/tools/imt_sdk_win_64/winavr/bin/../lib/gcc/avr/4.3.3/avr5\libgcc.a(_ge_sf.o)
 .debug_frame   0x000000c0       0x20 y:/eng ahmed/embedded system nti/tools/imt_sdk_win_64/winavr/bin/../lib/gcc/avr/4.3.3/avr5\libgcc.a(_lt_sf.o)
 .debug_frame   0x000000e0       0x20 y:/eng ahmed/embedded system nti/tools/imt_sdk_win_64/winavr/bin/../lib/gcc/avr/4.3.3/avr5\libgcc.a(_sf_to_si.o)
 .debug_frame   0x00000100       0x20 y:/eng ahmed/embedded system nti/tools/imt_sdk_win_64/winavr/bin/../lib/gcc/avr/4.3.3/avr5\libgcc.a(_pack_sf.o)
 .debug_frame   0x00000120       0x20 y:/eng ahmed/embedded system nti/tools/imt_sdk_win_64/winavr/bin/../lib/gcc/avr/4.3.3/avr5\libgcc.a(_unpack_sf.o)
 .debug_frame   0x00000140       0x20 y:/eng ahmed/embedded system nti/tools/imt_sdk_win_64/winavr/bin/../lib/gcc/avr/4.3.3/avr5\libgcc.a(_fpcmp_parts_sf.o)

.debug_str      0x00000000      0x28d
 *(.debug_str)
 .debug_str     0x00000000       0xbf y:/eng ahmed/embedded system nti/tools/imt_sdk_win_64/winavr/bin/../lib/gcc/avr/4.3.3/avr5\libgcc.a(_fixunssfsi.o)
                                 0xfe (size before relaxing)
 .debug_str     0x000000bf      0x14d y:/eng ahmed/embedded system nti/tools/imt_sdk_win_64/winavr/bin/../lib/gcc/avr/4.3.3/avr5\libgcc.a(_addsub_sf.o)
                                0x206 (size before relaxing)
 .debug_str     0x0000020c       0x27 y:/eng ahmed/embedded system nti/tools/imt_sdk_win_64/winavr/bin/../lib/gcc/avr/4.3.3/avr5\libgcc.a(_mul_sf.o)
                                0x1bf (size before relaxing)
 .debug_str     0x00000233        0xf y:/eng ahmed/embedded system nti/tools/imt_sdk_win_64/winavr/bin/../lib/gcc/avr/4.3.3/avr5\libgcc.a(_gt_sf.o)
                                0x195 (size before relaxing)
 .debug_str     0x00000242        0x8 y:/eng ahmed/embedded system nti/tools/imt_sdk_win_64/winavr/bin/../lib/gcc/avr/4.3.3/avr5\libgcc.a(_ge_sf.o)
                                0x195 (size before relaxing)
 .debug_str     0x0000024a        0x8 y:/eng ahmed/embedded system nti/tools/imt_sdk_win_64/winavr/bin/../lib/gcc/avr/4.3.3/avr5\libgcc.a(_lt_sf.o)
                                0x195 (size before relaxing)
 .debug_str     0x00000252        0xa y:/eng ahmed/embedded system nti/tools/imt_sdk_win_64/winavr/bin/../lib/gcc/avr/4.3.3/avr5\libgcc.a(_sf_to_si.o)
                                0x19e (size before relaxing)
 .debug_str     0x00000000      0x103 y:/eng ahmed/embedded system nti/tools/imt_sdk_win_64/winavr/bin/../lib/gcc/avr/4.3.3/avr5\libgcc.a(_thenan_sf.o)
 .debug_str     0x0000025c       0x16 y:/eng ahmed/embedded system nti/tools/imt_sdk_win_64/winavr/bin/../lib/gcc/avr/4.3.3/avr5\libgcc.a(_pack_sf.o)
                                0x19d (size before relaxing)
 .debug_str     0x00000272        0xb y:/eng ahmed/embedded system nti/tools/imt_sdk_win_64/winavr/bin/../lib/gcc/avr/4.3.3/avr5\libgcc.a(_unpack_sf.o)
                                0x17f (size before relaxing)
 .debug_str     0x0000027d       0x10 y:/eng ahmed/embedded system nti/tools/imt_sdk_win_64/winavr/bin/../lib/gcc/avr/4.3.3/avr5\libgcc.a(_fpcmp_parts_sf.o)
                                0x163 (size before relaxing)

.debug_loc      0x00000000      0x7ce
 *(.debug_loc)
 .debug_loc     0x00000000       0x34 y:/eng ahmed/embedded system nti/tools/imt_sdk_win_64/winavr/bin/../lib/gcc/avr/4.3.3/avr5\libgcc.a(_fixunssfsi.o)
 .debug_loc     0x00000034      0x32a y:/eng ahmed/embedded system nti/tools/imt_sdk_win_64/winavr/bin/../lib/gcc/avr/4.3.3/avr5\libgcc.a(_addsub_sf.o)
 .debug_loc     0x0000035e      0x104 y:/eng ahmed/embedded system nti/tools/imt_sdk_win_64/winavr/bin/../lib/gcc/avr/4.3.3/avr5\libgcc.a(_mul_sf.o)
 .debug_loc     0x00000462       0x3c y:/eng ahmed/embedded system nti/tools/imt_sdk_win_64/winavr/bin/../lib/gcc/avr/4.3.3/avr5\libgcc.a(_gt_sf.o)
 .debug_loc     0x0000049e       0x3c y:/eng ahmed/embedded system nti/tools/imt_sdk_win_64/winavr/bin/../lib/gcc/avr/4.3.3/avr5\libgcc.a(_ge_sf.o)
 .debug_loc     0x000004da       0x3c y:/eng ahmed/embedded system nti/tools/imt_sdk_win_64/winavr/bin/../lib/gcc/avr/4.3.3/avr5\libgcc.a(_lt_sf.o)
 .debug_loc     0x00000516       0x7e y:/eng ahmed/embedded system nti/tools/imt_sdk_win_64/winavr/bin/../lib/gcc/avr/4.3.3/avr5\libgcc.a(_sf_to_si.o)
 .debug_loc     0x00000594      0x13e y:/eng ahmed/embedded system nti/tools/imt_sdk_win_64/winavr/bin/../lib/gcc/avr/4.3.3/avr5\libgcc.a(_pack_sf.o)
 .debug_loc     0x000006d2       0xac y:/eng ahmed/embedded system nti/tools/imt_sdk_win_64/winavr/bin/../lib/gcc/avr/4.3.3/avr5\libgcc.a(_unpack_sf.o)
 .debug_loc     0x0000077e       0x50 y:/eng ahmed/embedded system nti/tools/imt_sdk_win_64/winavr/bin/../lib/gcc/avr/4.3.3/avr5\libgcc.a(_fpcmp_parts_sf.o)

.debug_macinfo
 *(.debug_macinfo)
OUTPUT(SLAVE_PROJECT.elf elf32-avr)
LOAD linker stubs

.debug_ranges   0x00000000       0x50
 .debug_ranges  0x00000000       0x50 y:/eng ahmed/embedded system nti/tools/imt_sdk_win_64/winavr/bin/../lib/gcc/avr/4.3.3/avr5\libgcc.a(_mul_sf.o)
